Archive member included to satisfy reference by file (symbol)

/opt/devkitpro/libgba/lib/libmm.a(mm_mas.o)
                              bn_hw_audio.bn_noflto.o (mmStart)
/opt/devkitpro/libgba/lib/libmm.a(mm_main.o)
                              /opt/devkitpro/libgba/lib/libmm.a(mm_mas.o) (mmCallback)
/opt/devkitpro/libgba/lib/libmm.a(mm_effect.o)
                              bn_hw_audio.bn_noflto.o (mmEffect)
/opt/devkitpro/libgba/lib/libmm.a(mm_mas_arm.o)
                              /opt/devkitpro/libgba/lib/libmm.a(mm_mas.o) (mmAllocChannel)
/opt/devkitpro/libgba/lib/libmm.a(mm_mixer_gba.o)
                              bn_hw_audio.bn_noflto.o (mmVBlank)
/opt/devkitpro/libgba/lib/libmm.a(mm_main_gba.o)
                              /opt/devkitpro/libgba/lib/libmm.a(mm_mixer_gba.o) (mm_vblank_function)
/opt/devkitpro/devkitARM/bin/../lib/gcc/arm-none-eabi/12.2.0/thumb/libgcc.a(_call_via_rX.o)
                              /opt/devkitpro/libgba/lib/libmm.a(mm_main_gba.o) (_call_via_r1)
/opt/devkitpro/devkitARM/bin/../lib/gcc/arm-none-eabi/12.2.0/thumb/libgcc.a(_aeabi_ldivmod.o)
                              bn_hw_text.o (__aeabi_ldivmod)
/opt/devkitpro/devkitARM/bin/../lib/gcc/arm-none-eabi/12.2.0/thumb/libgcc.a(_aeabi_uldivmod.o)
                              bn_hw_text.o (__aeabi_uldivmod)
/opt/devkitpro/devkitARM/bin/../lib/gcc/arm-none-eabi/12.2.0/thumb/libgcc.a(_udivmoddi4.o)
                              /opt/devkitpro/devkitARM/bin/../lib/gcc/arm-none-eabi/12.2.0/thumb/libgcc.a(_aeabi_ldivmod.o) (__udivmoddi4)
/opt/devkitpro/devkitARM/bin/../lib/gcc/arm-none-eabi/12.2.0/../../../../arm-none-eabi/lib/thumb/libg.a(lib_a-init.o)
                              /opt/devkitpro/devkitARM/bin/../lib/gcc/arm-none-eabi/12.2.0/../../../../arm-none-eabi/lib/thumb/gba_crt0.o (__libc_init_array)
/opt/devkitpro/devkitARM/bin/../lib/gcc/arm-none-eabi/12.2.0/../../../../arm-none-eabi/lib/thumb/libsysbase.a(malloc_vars.o)
                              /opt/devkitpro/devkitARM/bin/../lib/gcc/arm-none-eabi/12.2.0/../../../../arm-none-eabi/lib/thumb/gba_crt0.o (fake_heap_end)

Discarded input sections

 .text          0x0000000000000000        0x0 /opt/devkitpro/devkitARM/bin/../lib/gcc/arm-none-eabi/12.2.0/../../../../arm-none-eabi/lib/thumb/gba_crt0.o
 .data          0x0000000000000000        0x0 /opt/devkitpro/devkitARM/bin/../lib/gcc/arm-none-eabi/12.2.0/../../../../arm-none-eabi/lib/thumb/gba_crt0.o
 .bss           0x0000000000000000        0x0 /opt/devkitpro/devkitARM/bin/../lib/gcc/arm-none-eabi/12.2.0/../../../../arm-none-eabi/lib/thumb/gba_crt0.o
 .text          0x0000000000000000        0x0 /opt/devkitpro/devkitARM/bin/../lib/gcc/arm-none-eabi/12.2.0/thumb/crti.o
 .data          0x0000000000000000        0x0 /opt/devkitpro/devkitARM/bin/../lib/gcc/arm-none-eabi/12.2.0/thumb/crti.o
 .bss           0x0000000000000000        0x0 /opt/devkitpro/devkitARM/bin/../lib/gcc/arm-none-eabi/12.2.0/thumb/crti.o
 .text          0x0000000000000000        0x0 /opt/devkitpro/devkitARM/bin/../lib/gcc/arm-none-eabi/12.2.0/thumb/crtbegin.o
 .data          0x0000000000000000        0x0 /opt/devkitpro/devkitARM/bin/../lib/gcc/arm-none-eabi/12.2.0/thumb/crtbegin.o
 .bss           0x0000000000000000        0x0 /opt/devkitpro/devkitARM/bin/../lib/gcc/arm-none-eabi/12.2.0/thumb/crtbegin.o
 .rodata.all_implied_fbits
                0x0000000000000000       0x24 /opt/devkitpro/devkitARM/bin/../lib/gcc/arm-none-eabi/12.2.0/thumb/crtbegin.o
 .data.__dso_handle
                0x0000000000000000        0x4 /opt/devkitpro/devkitARM/bin/../lib/gcc/arm-none-eabi/12.2.0/thumb/crtbegin.o
 .text          0x0000000000000000        0x0 _bn_audio_soundbank.bin.o
 .data          0x0000000000000000        0x0 _bn_audio_soundbank.bin.o
 .bss           0x0000000000000000        0x0 _bn_audio_soundbank.bin.o
 .text          0x0000000000000000        0x0 sparkle_bn_gfx.o
 .data          0x0000000000000000        0x0 sparkle_bn_gfx.o
 .bss           0x0000000000000000        0x0 sparkle_bn_gfx.o
 .text          0x0000000000000000        0x0 grass_bn_gfx.o
 .data          0x0000000000000000        0x0 grass_bn_gfx.o
 .bss           0x0000000000000000        0x0 grass_bn_gfx.o
 .text          0x0000000000000000        0x0 clouds_bn_gfx.o
 .data          0x0000000000000000        0x0 clouds_bn_gfx.o
 .bss           0x0000000000000000        0x0 clouds_bn_gfx.o
 .text          0x0000000000000000        0x0 trees01_bn_gfx.o
 .data          0x0000000000000000        0x0 trees01_bn_gfx.o
 .bss           0x0000000000000000        0x0 trees01_bn_gfx.o
 .text          0x0000000000000000        0x0 bg_grass_bn_gfx.o
 .data          0x0000000000000000        0x0 bg_grass_bn_gfx.o
 .bss           0x0000000000000000        0x0 bg_grass_bn_gfx.o
 .text          0x0000000000000000        0x0 mountains_bn_gfx.o
 .data          0x0000000000000000        0x0 mountains_bn_gfx.o
 .bss           0x0000000000000000        0x0 mountains_bn_gfx.o
[...]
Memory Configuration

Name             Origin             Length             Attributes
rom              0x0000000008000000 0x0000000002000000
iwram            0x0000000003000000 0x0000000000008000
ewram            0x0000000002000000 0x0000000000040000
*default*        0x0000000000000000 0xffffffffffffffff

Linker script and memory map

                0x0000000008000000                __text_start = ORIGIN (rom)
                0x0000000002040000                __eheap_end = (ORIGIN (ewram) + LENGTH (ewram))
                0x0000000003000000                __iwram_start = ORIGIN (iwram)
                0x0000000003008000                __iwram_top = (ORIGIN (iwram) + LENGTH (iwram))
                0x0000000003007fa0                __sp_irq = (__iwram_top - 0x60)
                0x0000000003007f00                __sp_usr = (__sp_irq - 0xa0)
                0x0000000003007ff8                __irq_flags = 0x3007ff8
                0x0000000008000000                . = __text_start

.crt0           0x0000000008000000      0x210
 *(.crt0)
 .crt0          0x0000000008000000      0x210 /opt/devkitpro/devkitARM/bin/../lib/gcc/arm-none-eabi/12.2.0/../../../../arm-none-eabi/lib/thumb/gba_crt0.o
                0x0000000008000000                _start
                0x00000000080000c4                __boot_method
                0x00000000080000c5                __slave_number
                0x00000000080000e0                start_vector
                0x0000000008000210                . = ALIGN (0x4)

.init           0x0000000008000210        0xc
 *(SORT_NONE(.init))
 .init          0x0000000008000210        0x4 /opt/devkitpro/devkitARM/bin/../lib/gcc/arm-none-eabi/12.2.0/thumb/crti.o
                0x0000000008000210                _init
 .init          0x0000000008000214        0x8 /opt/devkitpro/devkitARM/bin/../lib/gcc/arm-none-eabi/12.2.0/thumb/crtn.o

.plt            0x000000000800021c        0x0
 *(.plt)
                0x000000000800021c                . = ALIGN (0x4)

.text           0x0000000008000220    0x13840
 *(EXCLUDE_FILE(*.iwram*) .text*)
 .text.__do_global_dtors_aux
                0x0000000008000220       0x2c /opt/devkitpro/devkitARM/bin/../lib/gcc/arm-none-eabi/12.2.0/thumb/crtbegin.o
 .text.frame_dummy
                0x000000000800024c       0x24 /opt/devkitpro/devkitARM/bin/../lib/gcc/arm-none-eabi/12.2.0/thumb/crtbegin.o
 .text.startup.main
                0x0000000008000270      0x5a4 main.o
                0x0000000008000270                main
 .text._ZN3_bn6assert9show_argsIA15_ciEEvPKcS4_S4_iRKT_RKT0_
                0x0000000008000814       0x58 common_stats.o
                0x0000000008000814                void _bn::assert::show_args<char [15], int>(char const*, char const*, char const*, int, char const (&) [15], int const&)
 .text._ZN2bn13ostringstream6appendILi12EEEvNS_7fixed_tIXT_EEE
                0x000000000800086c       0xa0 common_stats.o
                0x000000000800086c                void bn::ostringstream::append<12>(bn::fixed_t<12>)
 .text._ZN3_bn6assert9show_argsIA16_ciEEvPKcS4_S4_iRKT_RKT0_
                0x000000000800090c       0x58 common_info.o
                0x000000000800090c                void _bn::assert::show_args<char [16], int>(char const*, char const*, char const*, int, char const (&) [16], int const&)
 .text._ZN2bn15display_manager12_GLOBAL__N_134_update_rect_windows_hw_boundariesEi
                0x0000000008000964       0x8c bn_display_manager.o
 .text._ZN2bn15display_manager4initEv
                0x00000000080009f0       0x40 bn_display_manager.o
                0x00000000080009f0                bn::display_manager::init()
 .text._ZN2bn15display_manager8set_modeEi
                0x0000000008000a30       0x1c bn_display_manager.o
                0x0000000008000a30                bn::display_manager::set_mode(int)
 .text._ZN2bn15display_manager14set_bg_enabledEib
                0x0000000008000a4c       0x1c bn_display_manager.o
                0x0000000008000a4c                bn::display_manager::set_bg_enabled(int, bool)
 .text._ZN2bn15display_manager15disable_all_bgsEv
                0x0000000008000a68       0x18 bn_display_manager.o
                0x0000000008000a68                bn::display_manager::disable_all_bgs()
 .text._ZN2bn15display_manager36fill_mosaic_hblank_effect_attributesEPKNS_17mosaic_attributesEPt
                0x0000000008000a80       0xb4 bn_display_manager.o
                0x0000000008000a80                bn::display_manager::fill_mosaic_hblank_effect_attributes(bn::mosaic_attributes const*, unsigned short*)
 .text._ZN2bn15display_manager23set_blending_bg_enabledEib
                0x0000000008000b34       0x14 bn_display_manager.o
                0x0000000008000b34                bn::display_manager::set_blending_bg_enabled(int, bool)
 .text._ZN2bn15display_manager32blending_transparency_top_weightEv
                0x0000000008000b48       0x18 bn_display_manager.o
                0x0000000008000b48                bn::display_manager::blending_transparency_top_weight()
 .text._ZN2bn15display_manager35blending_transparency_bottom_weightEv
                0x0000000008000b60       0x28 bn_display_manager.o
                0x0000000008000b60                bn::display_manager::blending_transparency_bottom_weight()
 .text._ZN2bn15display_manager51fill_blending_transparency_hblank_effect_attributesEPKNS_32blending_transparency_attributesEPt
                0x0000000008000b88       0x30 bn_display_manager.o
                0x0000000008000b88                bn::display_manager::fill_blending_transparency_hblank_effect_attributes(bn::blending_transparency_attributes const*, unsigned short*)
 .text._ZN2bn15display_manager21blending_fade_enabledEv
                0x0000000008000bb8       0x10 bn_display_manager.o
                0x0000000008000bb8                bn::display_manager::blending_fade_enabled()
 .text._ZN2bn15display_manager39fill_blending_fade_hblank_effect_alphasEPKNS_19blending_fade_alphaEPt
                0x0000000008000bc8       0x24 bn_display_manager.o
                0x0000000008000bc8                bn::display_manager::fill_blending_fade_hblank_effect_alphas(bn::blending_fade_alpha const*, unsigned short*)
 .text._ZN2bn15display_manager26update_windows_visible_bgsEv
                0x0000000008000bec       0x10 bn_display_manager.o
                0x0000000008000bec                bn::display_manager::update_windows_visible_bgs()
 .text._ZN2bn15display_manager36rect_window_hw_horizontal_boundariesEi
                0x0000000008000bfc       0x14 bn_display_manager.o
                0x0000000008000bfc                bn::display_manager::rect_window_hw_horizontal_boundaries(int)
 .text._ZN2bn15display_manager34rect_window_hw_vertical_boundariesEi
                0x0000000008000c10       0x14 bn_display_manager.o
                0x0000000008000c10                bn::display_manager::rect_window_hw_vertical_boundaries(int)
 .text._ZN2bn15display_manager52fill_rect_window_hblank_effect_horizontal_boundariesERKNS_4pairIiiEEPKNS1_INS_7fixed_tILi12EEES6_EEPt
                0x0000000008000c24      0x13c bn_display_manager.o
                0x0000000008000c24                bn::display_manager::fill_rect_window_hblank_effect_horizontal_boundaries(bn::pair<int, int> const&, bn::pair<bn::fixed_t<12>, bn::fixed_t<12> > const*, unsigned short*)
 .text._ZN2bn15display_manager50fill_rect_window_hblank_effect_vertical_boundariesERKNS_4pairIiiEEPKNS1_INS_7fixed_tILi12EEES6_EEPt
                0x0000000008000d60      0x13c bn_display_manager.o
                0x0000000008000d60                bn::display_manager::fill_rect_window_hblank_effect_vertical_boundaries(bn::pair<int, int> const&, bn::pair<bn::fixed_t<12>, bn::fixed_t<12> > const*, unsigned short*)
 .text._ZN2bn15display_manager36fill_green_swap_hblank_effect_statesEPKbPt
                0x0000000008000e9c       0x38 bn_display_manager.o
                0x0000000008000e9c                bn::display_manager::fill_green_swap_hblank_effect_states(bool const*, unsigned short*)
 .text._ZN2bn15display_manager14update_camerasEv
                0x0000000008000ed4       0x40 bn_display_manager.o
                0x0000000008000ed4                bn::display_manager::update_cameras()
 .text._ZN2bn15display_manager6updateEv
                0x0000000008000f14      0x214 bn_display_manager.o
                0x0000000008000f14                bn::display_manager::update()
 .text._ZN2bn15display_manager6commitEv
                0x0000000008001128      0x164 bn_display_manager.o
                0x0000000008001128                bn::display_manager::commit()
 .text._ZN2bn15display_manager4stopEv
                0x000000000800128c       0x28 bn_display_manager.o
                0x000000000800128c                bn::display_manager::stop()
 .text._ZN3_bn6assert9show_argsIA66_cEEvPKcS4_S4_iRKT_
                0x00000000080012b4       0x50 bn_display_manager.o
                0x00000000080012b4                void _bn::assert::show_args<char [66]>(char const*, char const*, char const*, int, char const (&) [66])
 .text._ZN3_bn6assert9show_argsIA29_cN2bn7fixed_tILi12EEEEEvPKcS7_S7_iRKT_RKT0_
                0x0000000008001304       0x58 bn_display_manager.o
                0x0000000008001304                void _bn::assert::show_args<char [29], bn::fixed_t<12> >(char const*, char const*, char const*, int, char const (&) [29], bn::fixed_t<12> const&)
 .text._ZN2bn8blending22set_transparency_alphaENS_7fixed_tILi12EEE
                0x000000000800135c       0x7c bn_display_manager.o
                0x000000000800135c                bn::blending::set_transparency_alpha(bn::fixed_t<12>)
 .text._ZN3_bn6assert9show_argsIA27_cN2bn7fixed_tILi12EEEEEvPKcS7_S7_iRKT_RKT0_
                0x00000000080013d8       0x58 bn_display_manager.o
                0x00000000080013d8                void _bn::assert::show_args<char [27], bn::fixed_t<12> >(char const*, char const*, char const*, int, char const (&) [27], bn::fixed_t<12> const&)
 .text._ZN3_bn6assert9show_argsIA16_cN2bn7fixed_tILi12EEEEEvPKcS7_S7_iRKT_RKT0_
                0x0000000008001430       0x58 bn_display_manager.o
                0x0000000008001430                void _bn::assert::show_args<char [16], bn::fixed_t<12> >(char const*, char const*, char const*, int, char const (&) [16], bn::fixed_t<12> const&)
 .text.startup._GLOBAL__sub_I__ZNK2bn6window7show_bgERKNS_14regular_bg_ptrE
                0x0000000008001488       0x7c bn_display_manager.o
 .text.exit._GLOBAL__sub_D__ZNK2bn6window7show_bgERKNS_14regular_bg_ptrE
                0x0000000008001504       0x38 bn_display_manager.o
 .text._ZN3_bn6assert9show_argsIA23_cEEvPKcS4_S4_iRKT_
                0x000000000800153c       0x50 bn_best_fit_allocator.o
                0x000000000800153c                void _bn::assert::show_args<char [23]>(char const*, char const*, char const*, int, char const (&) [23])
 .text._ZN2bn18best_fit_allocatorD2Ev
                0x000000000800158c       0x34 bn_best_fit_allocator.o
                0x000000000800158c                bn::best_fit_allocator::~best_fit_allocator()
                0x000000000800158c                bn::best_fit_allocator::~best_fit_allocator()
 .text._ZN3_bn6assert9show_argsIA14_ciEEvPKcS4_S4_iRKT_RKT0_
                0x00000000080015c0       0x58 bn_best_fit_allocator.o
                0x00000000080015c0                void _bn::assert::show_args<char [14], int>(char const*, char const*, char const*, int, char const (&) [14], int const&)
 .text._ZN3_bn6assert9show_argsIA14_cEEvPKcS4_S4_iRKT_
                0x0000000008001618       0x50 bn_best_fit_allocator.o
                0x0000000008001618                void _bn::assert::show_args<char [14]>(char const*, char const*, char const*, int, char const (&) [14])
 .text._ZN3_bn6assert9show_argsIA21_cEEvPKcS4_S4_iRKT_
                0x0000000008001668       0x50 bn_best_fit_allocator.o
                0x0000000008001668                void _bn::assert::show_args<char [21]>(char const*, char const*, char const*, int, char const (&) [21])
 .text._ZN2bn18best_fit_allocator5resetEPvi
                0x00000000080016b8       0xc0 bn_best_fit_allocator.o
                0x00000000080016b8                bn::best_fit_allocator::reset(void*, int)
 .text._ZN3_bn6assert9show_argsIA17_ciEEvPKcS4_S4_iRKT_RKT0_
                0x0000000008001778       0x58 bn_sram.o
                0x0000000008001778                void _bn::assert::show_args<char [17], int>(char const*, char const*, char const*, int, char const (&) [17], int const&)
 .text._ZN2bn15sprites_manager12_GLOBAL__N_125_update_indexes_to_commitERKNS_20sprites_manager_itemE
                0x00000000080017d0       0x48 bn_sprites_manager.o
 .text._ZN2bn13ostringstream11append_argsIiJA4_ciEEEvRKT_DpRKT0_.isra.0
                0x0000000008001818       0x24 bn_sprites_manager.o
 .text._ZN2bn15sprites_manager12_GLOBAL__N_123_update_item_dimensionsERNS_20sprites_manager_itemE
                0x000000000800183c       0xcc bn_sprites_manager.o
 .text._ZN2bn10sprite_ptrC2ERKS0_
                0x0000000008001908        0xc bn_sprites_manager.o
                0x0000000008001908                bn::sprite_ptr::sprite_ptr(bn::sprite_ptr const&)
                0x0000000008001908                bn::sprite_ptr::sprite_ptr(bn::sprite_ptr const&)
 .text._ZNK2bn10sprite_ptr1yEv
                0x0000000008001914        0x8 bn_sprites_manager.o
                0x0000000008001914                bn::sprite_ptr::y() const
 .text._ZN2bn10sprite_ptr5set_yENS_7fixed_tILi12EEE
                0x000000000800191c       0x44 bn_sprites_manager.o
                0x000000000800191c                bn::sprite_ptr::set_y(bn::fixed_t<12>)
 .text._ZN2bn15sprites_manager4initEv
                0x0000000008001960       0x34 bn_sprites_manager.o
                0x0000000008001960                bn::sprites_manager::init()
 .text._ZN2bn15sprites_manager5hw_idEPv
                0x0000000008001994        0x8 bn_sprites_manager.o
                0x0000000008001994                bn::sprites_manager::hw_id(void*)
 .text._ZN2bn15sprites_manager5shapeEPv
                0x000000000800199c        0x8 bn_sprites_manager.o
                0x000000000800199c                bn::sprites_manager::shape(void*)
 .text._ZN2bn15sprites_manager4sizeEPv
                0x00000000080019a4        0x8 bn_sprites_manager.o
                0x00000000080019a4                bn::sprites_manager::size(void*)
 .text._ZN2bn15sprites_manager10shape_sizeEPv
                0x00000000080019ac       0x14 bn_sprites_manager.o
                0x00000000080019ac                bn::sprites_manager::shape_size(void*)
 .text._ZN2bn15sprites_manager11hw_positionEPv
                0x00000000080019c0        0x4 bn_sprites_manager.o
                0x00000000080019c0                bn::sprites_manager::hw_position(void*)
 .text._ZN2bn15sprites_manager9view_modeEPv
                0x00000000080019c4        0xc bn_sprites_manager.o
                0x00000000080019c4                bn::sprites_manager::view_mode(void*)
 .text._ZN2bn15sprites_manager10affine_matEPv
                0x00000000080019d0        0x4 bn_sprites_manager.o
                0x00000000080019d0                bn::sprites_manager::affine_mat(void*)
 .text._ZN2bn15sprites_manager22reserved_handles_countEv
                0x00000000080019d4       0x10 bn_sprites_manager.o
                0x00000000080019d4                bn::sprites_manager::reserved_handles_count()
 .text._ZN2bn15sprites_manager39fill_hblank_effect_horizontal_positionsEPviPKNS_7fixed_tILi12EEEPt
                0x00000000080019e4       0x44 bn_sprites_manager.o
                0x00000000080019e4                bn::sprites_manager::fill_hblank_effect_horizontal_positions(void*, int, bn::fixed_t<12> const*, unsigned short*)
 .text._ZN2bn15sprites_manager37fill_hblank_effect_vertical_positionsEPviPKNS_7fixed_tILi12EEEPt
                0x0000000008001a28       0x44 bn_sprites_manager.o
                0x0000000008001a28                bn::sprites_manager::fill_hblank_effect_vertical_positions(void*, int, bn::fixed_t<12> const*, unsigned short*)
 .text._ZN2bn15sprites_manager35fill_hblank_effect_first_attributesEiNS_12sprite_shapeENS_8bpp_modeEiPKNS_23sprite_first_attributesEPt
                0x0000000008001a6c      0x108 bn_sprites_manager.o
                0x0000000008001a6c                bn::sprites_manager::fill_hblank_effect_first_attributes(int, bn::sprite_shape, bn::bpp_mode, int, bn::sprite_first_attributes const*, unsigned short*)
 .text._ZN2bn15sprites_manager44fill_hblank_effect_regular_second_attributesEPviNS_11sprite_sizeEPKNS_32sprite_regular_second_attributesEPt
                0x0000000008001b74       0x60 bn_sprites_manager.o
                0x0000000008001b74                bn::sprites_manager::fill_hblank_effect_regular_second_attributes(void*, int, bn::sprite_size, bn::sprite_regular_second_attributes const*, unsigned short*)
 .text._ZN2bn15sprites_manager43fill_hblank_effect_affine_second_attributesEPviNS_11sprite_sizeEPKNS_31sprite_affine_second_attributesEPt
                0x0000000008001bd4       0x58 bn_sprites_manager.o
                0x0000000008001bd4                bn::sprites_manager::fill_hblank_effect_affine_second_attributes(void*, int, bn::sprite_size, bn::sprite_affine_second_attributes const*, unsigned short*)
 .text._ZN2bn15sprites_manager14update_camerasEv
                0x0000000008001c2c       0x2c bn_sprites_manager.o
                0x0000000008001c2c                bn::sprites_manager::update_cameras()
 .text._ZN2bn15sprites_manager29update_affine_mat_double_sizeEPvi
                0x0000000008001c58       0x64 bn_sprites_manager.o
                0x0000000008001c58                bn::sprites_manager::update_affine_mat_double_size(void*, int)
 .text._ZN2bn15sprites_manager6commitEb
                0x0000000008001cbc       0xa4 bn_sprites_manager.o
                0x0000000008001cbc                bn::sprites_manager::commit(bool)
 .text._ZN3_bn6assert9show_argsIA54_cEEvPKcS4_S4_iRKT_
                0x0000000008001d60       0x50 bn_sprites_manager.o
                0x0000000008001d60                void _bn::assert::show_args<char [54]>(char const*, char const*, char const*, int, char const (&) [54])
 .text._ZN2bn10sprite_ptr20set_blending_enabledEb
                0x0000000008001db0       0x88 bn_sprites_manager.o
                0x0000000008001db0                bn::sprite_ptr::set_blending_enabled(bool)
 .text._ZNK2bn17sprite_shape_size11tiles_countENS_8bpp_modeE
                0x0000000008001e38      0x150 bn_sprites_manager.o
                0x0000000008001e38                bn::sprite_shape_size::tiles_count(bn::bpp_mode) const
 .text._ZN3_bn6assert9show_argsIA25_ciEEvPKcS4_S4_iRKT_RKT0_
                0x0000000008001f88       0x58 bn_sprites_manager.o
                0x0000000008001f88                void _bn::assert::show_args<char [25], int>(char const*, char const*, char const*, int, char const (&) [25], int const&)
 .text._ZN3_bn6assert9show_argsIA22_cEEvPKcS4_S4_iRKT_
                0x0000000008001fe0       0x50 bn_sprites_manager.o
                0x0000000008001fe0                void _bn::assert::show_args<char [22]>(char const*, char const*, char const*, int, char const (&) [22])
 .text._ZN2bn15sprites_manager12_GLOBAL__N_118_remove_affine_matERNS_20sprites_manager_itemE
                0x0000000008002030       0xd4 bn_sprites_manager.o
 .text._ZN2bn15sprites_manager40remove_identity_affine_mat_if_not_neededEPv
                0x0000000008002104       0x18 bn_sprites_manager.o
                0x0000000008002104                bn::sprites_manager::remove_identity_affine_mat_if_not_needed(void*)
 .text._ZN2bn15sprites_manager7paletteEPv
                0x000000000800211c       0x34 bn_sprites_manager.o
                0x000000000800211c                bn::sprites_manager::palette(void*)
 .text._ZN3_bn6assert9show_argsIA27_ciEEvPKcS4_S4_iRKT_RKT0_
                0x0000000008002150       0x58 bn_sprites_manager.o
                0x0000000008002150                void _bn::assert::show_args<char [27], int>(char const*, char const*, char const*, int, char const (&) [27], int const&)
 .text._ZNK2bn20sprites_manager_item15new_double_sizeEi.part.0
                0x00000000080021a8       0x2c bn_sprites_manager.o
 .text._ZN2bn15sprites_manager12_GLOBAL__N_118_assign_affine_matERNS_20sprites_manager_itemEONS_21sprite_affine_mat_ptrE
                0x00000000080021d4       0xf8 bn_sprites_manager.o
 .text._ZN2bn15sprites_manager18set_new_affine_matEPvRNS_21affine_mat_attributesE
                0x00000000080022cc       0x9c bn_sprites_manager.o
                0x00000000080022cc                bn::sprites_manager::set_new_affine_mat(void*, bn::affine_mat_attributes&)
 .text._ZN3_bn6assert9show_argsIA37_cEEvPKcS4_S4_iRKT_
                0x0000000008002368       0x50 bn_sprites_manager.o
                0x0000000008002368                void _bn::assert::show_args<char [37]>(char const*, char const*, char const*, int, char const (&) [37])
 .text._ZN3_bn6assert9show_argsIA18_ciEEvPKcS4_S4_iRKT_RKT0_
                0x00000000080023b8       0x58 bn_sprites_manager.o
                0x00000000080023b8                void _bn::assert::show_args<char [18], int>(char const*, char const*, char const*, int, char const (&) [18], int const&)
 .text._ZN3_bn6assert9show_argsIJA22_ciA4_ciEEEvPKcS5_S5_iDpRKT_
                0x0000000008002410       0x5c bn_sprites_manager.o
                0x0000000008002410                void _bn::assert::show_args<char [22], int, char [4], int>(char const*, char const*, char const*, int, char const (&) [22], int const&, char const (&) [4], int const&)
 .text._ZN3_bn6assert9show_argsIA22_ciEEvPKcS4_S4_iRKT_RKT0_
                0x000000000800246c       0x58 bn_sprites_manager.o
                0x000000000800246c                void _bn::assert::show_args<char [22], int>(char const*, char const*, char const*, int, char const (&) [22], int const&)
 .text._ZN3_bn6assert9show_argsIA27_cEEvPKcS4_S4_iRKT_
                0x00000000080024c4       0x50 bn_sprites_manager.o
                0x00000000080024c4                void _bn::assert::show_args<char [27]>(char const*, char const*, char const*, int, char const (&) [27])
 .text._ZN2bn15sprites_manager6updateEv
                0x0000000008002514      0x17c bn_sprites_manager.o
                0x0000000008002514                bn::sprites_manager::update()
 .text._ZN3_bn6assert9show_argsIA31_cEEvPKcS4_S4_iRKT_
                0x0000000008002690       0x50 bn_sprites_manager.o
                0x0000000008002690                void _bn::assert::show_args<char [31]>(char const*, char const*, char const*, int, char const (&) [31])
 .text._ZN3_bn6assert9show_argsIA19_cEEvPKcS4_S4_iRKT_
                0x00000000080026e0       0x50 bn_sprites_manager.o
                0x00000000080026e0                void _bn::assert::show_args<char [19]>(char const*, char const*, char const*, int, char const (&) [19])
 .text._ZN3_bn6assert9show_argsIJA27_ciA4_ciEEEvPKcS5_S5_iDpRKT_
                0x0000000008002730       0x5c bn_sprites_manager.o
                0x0000000008002730                void _bn::assert::show_args<char [27], int, char [4], int>(char const*, char const*, char const*, int, char const (&) [27], int const&, char const (&) [4], int const&)
 .text._ZN2bn15sprites_manager35fill_hblank_effect_third_attributesENS_17sprite_shape_sizeEPKNS_23sprite_third_attributesEPt
                0x000000000800278c       0xb4 bn_sprites_manager.o
                0x000000000800278c                bn::sprites_manager::fill_hblank_effect_third_attributes(bn::sprite_shape_size, bn::sprite_third_attributes const*, unsigned short*)
 .text._ZN3_bn6assert9show_argsIA13_cEEvPKcS4_S4_iRKT_
                0x0000000008002840       0x50 bn_sprites_manager.o
                0x0000000008002840                void _bn::assert::show_args<char [13]>(char const*, char const*, char const*, int, char const (&) [13])
 .text._ZN2bn14sorted_sprites6sorter6insertERNS_20sprites_manager_itemE
                0x0000000008002890      0x170 bn_sprites_manager.o
                0x0000000008002890                bn::sorted_sprites::sorter::insert(bn::sprites_manager_item&)
 .text._ZN2bn15sprites_manager6createERKNS_11fixed_pointERKNS_17sprite_shape_sizeEONS_16sprite_tiles_ptrEONS_18sprite_palette_ptrE
                0x0000000008002a00      0x1e4 bn_sprites_manager.o
                0x0000000008002a00                bn::sprites_manager::create(bn::fixed_point const&, bn::sprite_shape_size const&, bn::sprite_tiles_ptr&&, bn::sprite_palette_ptr&&)
 .text._ZNK2bn11sprite_item13create_spriteENS_7fixed_tILi12EEES2_i
                0x0000000008002be4       0x44 bn_sprites_manager.o
                0x0000000008002be4                bn::sprite_item::create_sprite(bn::fixed_t<12>, bn::fixed_t<12>, int) const
 .text._ZNK2bn11sprite_item13create_spriteENS_7fixed_tILi12EEES2_
                0x0000000008002c28       0x44 bn_sprites_manager.o
                0x0000000008002c28                bn::sprite_item::create_sprite(bn::fixed_t<12>, bn::fixed_t<12>) const
 .text._ZN2bn15sprites_manager9put_aboveEPv
                0x0000000008002c6c       0x74 bn_sprites_manager.o
                0x0000000008002c6c                bn::sprites_manager::put_above(void*)
 .text._ZN2bn10sprite_ptr9put_aboveEv
                0x0000000008002ce0       0x10 bn_sprites_manager.o
                0x0000000008002ce0                bn::sprite_ptr::put_above()
 .text._ZN3_bn6assert9show_argsIA33_cEEvPKcS4_S4_iRKT_
                0x0000000008002cf0       0x50 bn_sprites_manager.o
                0x0000000008002cf0                void _bn::assert::show_args<char [33]>(char const*, char const*, char const*, int, char const (&) [33])
 .text._ZN2bn15sprites_manager15decrease_usagesEPv
                0x0000000008002d40      0x180 bn_sprites_manager.o
                0x0000000008002d40                bn::sprites_manager::decrease_usages(void*)
 .text._ZN2bn10sprite_ptrD2Ev
                0x0000000008002ec0       0x18 bn_sprites_manager.o
                0x0000000008002ec0                bn::sprite_ptr::~sprite_ptr()
                0x0000000008002ec0                bn::sprite_ptr::~sprite_ptr()
 .text._ZN3_bn6assert9show_argsIA25_cN2bn7fixed_tILi12EEEEEvPKcS7_S7_iRKT_RKT0_
                0x0000000008002ed8       0x58 bn_sprites_manager.o
                0x0000000008002ed8                void _bn::assert::show_args<char [25], bn::fixed_t<12> >(char const*, char const*, char const*, int, char const (&) [25], bn::fixed_t<12> const&)
 .text._ZN2bn21affine_mat_attributes9set_scaleENS_7fixed_tILi12EEES2_
                0x0000000008002f30      0x108 bn_sprites_manager.o
                0x0000000008002f30                bn::affine_mat_attributes::set_scale(bn::fixed_t<12>, bn::fixed_t<12>)
 .text._ZN2bn10sprite_ptr9set_scaleENS_7fixed_tILi12EEES2_
                0x0000000008003038       0x5c bn_sprites_manager.o
                0x0000000008003038                bn::sprite_ptr::set_scale(bn::fixed_t<12>, bn::fixed_t<12>)
 .text._ZN2bn10sprite_ptr9set_scaleENS_7fixed_tILi12EEE
                0x0000000008003094       0xbc bn_sprites_manager.o
                0x0000000008003094                bn::sprite_ptr::set_scale(bn::fixed_t<12>)
 .text.startup._GLOBAL__sub_I__ZN2bn7sprites16used_items_countEv
                0x0000000008003150       0x9c bn_sprites_manager.o
 .text.exit._GLOBAL__sub_D__ZN2bn7sprites16used_items_countEv
                0x00000000080031ec       0x4c bn_sprites_manager.o
 .text._ZN2bn14memory_manager4initEv
                0x0000000008003238       0x20 bn_memory_manager.o
                0x0000000008003238                bn::memory_manager::init()
 .text._ZN3_bn6assert9show_argsIA15_cEEvPKcS4_S4_iRKT_
                0x0000000008003258       0x50 bn_memory_manager.o
                0x0000000008003258                void _bn::assert::show_args<char [15]>(char const*, char const*, char const*, int, char const (&) [15])
 .text.exit._GLOBAL__sub_D__Znwj
                0x00000000080032a8       0x14 bn_memory_manager.o
 .text._ZN2bn12hdma_manager7disableEv
                0x00000000080032bc       0x30 bn_hdma_manager.o
                0x00000000080032bc                bn::hdma_manager::disable()
 .text._ZN2bn12hdma_manager10force_stopEv
                0x00000000080032ec       0x3c bn_hdma_manager.o
                0x00000000080032ec                bn::hdma_manager::force_stop()
 .text._ZN2bn12hdma_manager6updateEv
                0x0000000008003328       0x6c bn_hdma_manager.o
                0x0000000008003328                bn::hdma_manager::update()
 .text._ZN2bn12hdma_manager6commitEb
                0x0000000008003394      0x118 bn_hdma_manager.o
                0x0000000008003394                bn::hdma_manager::commit(bool)
 .text.startup._GLOBAL__sub_I__ZN2bn4hdma7runningEv
                0x00000000080034ac       0x34 bn_hdma_manager.o
 .text._ZN2bn5timerC2Ev
                0x00000000080034e0       0x18 bn_timer.o
                0x00000000080034e0                bn::timer::timer()
                0x00000000080034e0                bn::timer::timer()
 .text._ZNK2bn5timer13elapsed_ticksEv
                0x00000000080034f8       0x38 bn_timer.o
                0x00000000080034f8                bn::timer::elapsed_ticks() const
 .text._ZN2bn5timer7restartEv
                0x0000000008003530       0x18 bn_timer.o
                0x0000000008003530                bn::timer::restart()
 .text._ZN2bn4core12_GLOBAL__N_111update_implEv
                0x0000000008003548       0xb0 bn_core.o
 .text._ZN2bn4core12_GLOBAL__N_14stopEb.constprop.0
                0x00000000080035f8       0x40 bn_core.o
 .text._ZN2bn11string_viewC2EPKc
                0x0000000008003638       0x1c bn_core.o
                0x0000000008003638                bn::string_view::string_view(char const*)
                0x0000000008003638                bn::string_view::string_view(char const*)
 .text._ZN2bn4core6updateEv
                0x0000000008003654       0x78 bn_core.o
                0x0000000008003654                bn::core::update()
 .text._ZN2bn4core4initERKNS_11string_viewE
                0x00000000080036cc       0x94 bn_core.o
                0x00000000080036cc                bn::core::init(bn::string_view const&)
 .text._ZN2bn4core4initEv
                0x0000000008003760       0x18 bn_core.o
                0x0000000008003760                bn::core::init()
 .text._ZN2bn4core9on_vblankEv
                0x0000000008003778       0x28 bn_core.o
                0x0000000008003778                bn::core::on_vblank()
 .text._ZN3_bn6assert4showEPKcS2_S2_iRKN2bn12istring_baseE
                0x00000000080037a0       0x60 bn_core.o
                0x00000000080037a0                _bn::assert::show(char const*, char const*, char const*, int, bn::istring_base const&)
 .text._ZN3_bn6assert9show_argsIA24_cEEvPKcS4_S4_iRKT_
                0x0000000008003800       0x50 bn_core.o
                0x0000000008003800                void _bn::assert::show_args<char [24]>(char const*, char const*, char const*, int, char const (&) [24])
 .text.startup._GLOBAL__sub_I__ZN2bn4core4initEv
                0x0000000008003850       0x40 bn_core.o
 .text._ZN2bn17bg_blocks_manager12_GLOBAL__N_125_regular_map_blocks_countEii
                0x0000000008003890       0x38 bn_bg_blocks_manager.o
 .text._ZN2bn13ostringstream11append_argsIiJA4_ctEEEvRKT_DpRKT0_.isra.0
                0x00000000080038c8       0x24 bn_bg_blocks_manager.o
 .text._ZN2bn13ostringstream11append_argsIiJA4_ciEEEvRKT_DpRKT0_.isra.0
                0x00000000080038ec       0x24 bn_bg_blocks_manager.o
 .text._ZNK2bn18regular_bg_map_ptr2idEv
                0x0000000008003910       0x18 bn_bg_blocks_manager.o
                0x0000000008003910                bn::regular_bg_map_ptr::id() const
 .text._ZNK2bn18regular_bg_map_ptr10dimensionsEv
                0x0000000008003928       0x20 bn_bg_blocks_manager.o
                0x0000000008003928                bn::regular_bg_map_ptr::dimensions() const
 .text._ZNK2bn20regular_bg_tiles_ptr3cbbEv
                0x0000000008003948       0x18 bn_bg_blocks_manager.o
                0x0000000008003948                bn::regular_bg_tiles_ptr::cbb() const
 .text._ZNK2bn17affine_bg_map_ptr2idEv
                0x0000000008003960       0x18 bn_bg_blocks_manager.o
                0x0000000008003960                bn::affine_bg_map_ptr::id() const
 .text._ZNK2bn17affine_bg_map_ptr10dimensionsEv
                0x0000000008003978       0x20 bn_bg_blocks_manager.o
                0x0000000008003978                bn::affine_bg_map_ptr::dimensions() const
 .text._ZNK2bn19affine_bg_tiles_ptr3cbbEv
                0x0000000008003998       0x18 bn_bg_blocks_manager.o
                0x0000000008003998                bn::affine_bg_tiles_ptr::cbb() const
 .text._ZN2bn17bg_blocks_manager10log_statusEv
                0x00000000080039b0      0x3f8 bn_bg_blocks_manager.o
                0x00000000080039b0                bn::bg_blocks_manager::log_status()
 .text._ZN2bn17bg_blocks_manager15decrease_usagesEi
                0x0000000008003da8       0x98 bn_bg_blocks_manager.o
                0x0000000008003da8                bn::bg_blocks_manager::decrease_usages(int)
 .text._ZN2bn18regular_bg_map_ptrD2Ev
                0x0000000008003e40       0x18 bn_bg_blocks_manager.o
                0x0000000008003e40                bn::regular_bg_map_ptr::~regular_bg_map_ptr()
                0x0000000008003e40                bn::regular_bg_map_ptr::~regular_bg_map_ptr()
 .text._ZN2bn17bg_blocks_manager12_GLOBAL__N_110items_list12insert_afterEiRKNS1_9item_typeE.constprop.0
                0x0000000008003e58      0x240 bn_bg_blocks_manager.o
 .text._ZN2bn17bg_blocks_manager4initEv
                0x0000000008004098       0x7c bn_bg_blocks_manager.o
                0x0000000008004098                bn::bg_blocks_manager::init()
 .text._ZN2bn17bg_blocks_manager11must_commitEi
                0x0000000008004114       0x18 bn_bg_blocks_manager.o
                0x0000000008004114                bn::bg_blocks_manager::must_commit(int)
 .text._ZN3_bn6assert9show_argsIJA58_ciA4_ciEEEvPKcS5_S5_iDpRKT_
                0x000000000800412c       0x5c bn_bg_blocks_manager.o
                0x000000000800412c                void _bn::assert::show_args<char [58], int, char [4], int>(char const*, char const*, char const*, int, char const (&) [58], int const&, char const (&) [4], int const&)
 .text._ZN3_bn6assert9show_argsIJA44_cPKtA4_cS4_EEEvPKcS7_S7_iDpRKT_
                0x0000000008004188       0x6c bn_bg_blocks_manager.o
                0x0000000008004188                void _bn::assert::show_args<char [44], unsigned short const*, char [4], unsigned short const*>(char const*, char const*, char const*, int, char const (&) [44], unsigned short const* const&, char const (&) [4], unsigned short const* const&)
 .text._ZN3_bn6assert9show_argsIJA46_ciA4_ciEEEvPKcS5_S5_iDpRKT_
                0x00000000080041f4       0x5c bn_bg_blocks_manager.o
                0x00000000080041f4                void _bn::assert::show_args<char [46], int, char [4], int>(char const*, char const*, char const*, int, char const (&) [46], int const&, char const (&) [4], int const&)
 .text._ZN3_bn6assert9show_argsIJA37_cbA4_cbEEEvPKcS5_S5_iDpRKT_
                0x0000000008004250       0x84 bn_bg_blocks_manager.o
                0x0000000008004250                void _bn::assert::show_args<char [37], bool, char [4], bool>(char const*, char const*, char const*, int, char const (&) [37], bool const&, char const (&) [4], bool const&)
 .text._ZN2bn17bg_blocks_manager12_GLOBAL__N_116_find_tiles_implEPKtNS_16compression_typeEib
                0x00000000080042d4      0x1e8 bn_bg_blocks_manager.o
 .text._ZN3_bn6assert9show_argsIJA34_ciA4_ctEEEvPKcS5_S5_iDpRKT_
                0x00000000080044bc       0x5c bn_bg_blocks_manager.o
                0x00000000080044bc                void _bn::assert::show_args<char [34], int, char [4], unsigned short>(char const*, char const*, char const*, int, char const (&) [34], int const&, char const (&) [4], unsigned short const&)
 .text._ZN3_bn6assert9show_argsIJA36_ciA4_ctEEEvPKcS5_S5_iDpRKT_
                0x0000000008004518       0x5c bn_bg_blocks_manager.o
                0x0000000008004518                void _bn::assert::show_args<char [36], int, char [4], unsigned short>(char const*, char const*, char const*, int, char const (&) [36], int const&, char const (&) [4], unsigned short const&)
 .text._ZN3_bn6assert9show_argsIJA54_ciA4_ciEEEvPKcS5_S5_iDpRKT_
                0x0000000008004574       0x5c bn_bg_blocks_manager.o
                0x0000000008004574                void _bn::assert::show_args<char [54], int, char [4], int>(char const*, char const*, char const*, int, char const (&) [54], int const&, char const (&) [4], int const&)
 .text._ZNK2bn18regular_bg_map_ptr5tilesEv
                0x00000000080045d0       0x48 bn_bg_blocks_manager.o
                0x00000000080045d0                bn::regular_bg_map_ptr::tiles() const
 .text._ZNK2bn17affine_bg_map_ptr5tilesEv
                0x0000000008004618       0x48 bn_bg_blocks_manager.o
                0x0000000008004618                bn::affine_bg_map_ptr::tiles() const
 .text._ZNK2bn18regular_bg_map_ptr3bppEv
                0x0000000008004660       0x4c bn_bg_blocks_manager.o
                0x0000000008004660                bn::regular_bg_map_ptr::bpp() const
 .text._ZN2bn17bg_blocks_manager21update_affine_map_rowEiii
                0x00000000080046ac      0x104 bn_bg_blocks_manager.o
                0x00000000080046ac                bn::bg_blocks_manager::update_affine_map_row(int, int, int)
 .text._ZN2bn17bg_blocks_manager23set_affine_map_positionEiii
                0x00000000080047b0      0x1b0 bn_bg_blocks_manager.o
                0x00000000080047b0                bn::bg_blocks_manager::set_affine_map_position(int, int, int)
 .text._ZN2bn17bg_blocks_manager21update_affine_map_colEiii
                0x0000000008004960      0x224 bn_bg_blocks_manager.o
                0x0000000008004960                bn::bg_blocks_manager::update_affine_map_col(int, int, int)
 .text._ZN2bn17bg_blocks_manager22update_regular_map_colEiii
                0x0000000008004b84      0x174 bn_bg_blocks_manager.o
                0x0000000008004b84                bn::bg_blocks_manager::update_regular_map_col(int, int, int)
 .text._ZN2bn17bg_blocks_manager22update_regular_map_rowEiii
                0x0000000008004cf8      0x14c bn_bg_blocks_manager.o
                0x0000000008004cf8                bn::bg_blocks_manager::update_regular_map_row(int, int, int)
 .text._ZN2bn17bg_blocks_manager24set_regular_map_positionEiii
                0x0000000008004e44      0x1d8 bn_bg_blocks_manager.o
                0x0000000008004e44                bn::bg_blocks_manager::set_regular_map_position(int, int, int)
 .text._ZN2bn17bg_blocks_manager12_GLOBAL__N_112_commit_itemERKNS1_9item_typeE
                0x000000000800501c      0x2bc bn_bg_blocks_manager.o
 .text._ZN2bn17bg_blocks_manager6commitEv
                0x00000000080052d8       0x40 bn_bg_blocks_manager.o
                0x00000000080052d8                bn::bg_blocks_manager::commit()
 .text._ZN3_bn6assert9show_argsIJA34_ciA4_ciEEEvPKcS5_S5_iDpRKT_
                0x0000000008005318       0x5c bn_bg_blocks_manager.o
                0x0000000008005318                void _bn::assert::show_args<char [34], int, char [4], int>(char const*, char const*, char const*, int, char const (&) [34], int const&, char const (&) [4], int const&)
 .text._ZN3_bn6assert9show_argsIJA38_ciA4_ciEEEvPKcS5_S5_iDpRKT_
                0x0000000008005374       0x5c bn_bg_blocks_manager.o
                0x0000000008005374                void _bn::assert::show_args<char [38], int, char [4], int>(char const*, char const*, char const*, int, char const (&) [38], int const&, char const (&) [4], int const&)
 .text._ZN2bn17bg_blocks_manager12_GLOBAL__N_122_find_regular_map_implERKNS_19regular_bg_map_itemERKNS_20regular_bg_tiles_ptrERKNS_14bg_palette_ptrE
                0x00000000080053d0      0x398 bn_bg_blocks_manager.o
 .text._ZN3_bn6assert9show_argsIJA32_cA15_cPKtA16_ciA17_ciA34_cN2bn11string_viewEEEEvPKcSC_SC_iDpRKT_
                0x0000000008005768       0x94 bn_bg_blocks_manager.o
                0x0000000008005768                void _bn::assert::show_args<char [32], char [15], unsigned short const*, char [16], int, char [17], int, char [34], bn::string_view>(char const*, char const*, char const*, int, char const (&) [32], char const (&) [15], unsigned short const* const&, char const (&) [16], int const&, char const (&) [17], int const&, char const (&) [34], bn::string_view const&)
 .text._ZN3_bn6assert9show_argsIA26_cEEvPKcS4_S4_iRKT_
                0x00000000080057fc       0x50 bn_bg_blocks_manager.o
                0x00000000080057fc                void _bn::assert::show_args<char [26]>(char const*, char const*, char const*, int, char const (&) [26])
 .text._ZN3_bn6assert9show_argsIA46_cEEvPKcS4_S4_iRKT_
                0x000000000800584c       0x50 bn_bg_blocks_manager.o
                0x000000000800584c                void _bn::assert::show_args<char [46]>(char const*, char const*, char const*, int, char const (&) [46])
 .text._ZN3_bn6assert9show_argsIJA30_cA13_cPKtA14_ciA15_ciA17_ciA34_cN2bn11string_viewEEEEvPKcSD_SD_iDpRKT_
                0x000000000800589c       0xa8 bn_bg_blocks_manager.o
                0x000000000800589c                void _bn::assert::show_args<char [30], char [13], unsigned short const*, char [14], int, char [15], int, char [17], int, char [34], bn::string_view>(char const*, char const*, char const*, int, char const (&) [30], char const (&) [13], unsigned short const* const&, char const (&) [14], int const&, char const (&) [15], int const&, char const (&) [17], int const&, char const (&) [34], bn::string_view const&)
 .text._ZN3_bn6assert9show_argsIA17_cEEvPKcS4_S4_iRKT_
                0x0000000008005944       0x50 bn_bg_blocks_manager.o
                0x0000000008005944                void _bn::assert::show_args<char [17]>(char const*, char const*, char const*, int, char const (&) [17])
 .text._ZN2bn13ostringstream11append_argsIA4_cJiEEEvRKT_DpRKT0_
                0x0000000008005994       0x18 bn_bg_blocks_manager.o
                0x0000000008005994                void bn::ostringstream::append_args<char [4], int>(char const (&) [4], int const&)
 .text._ZN3_bn6assert9show_argsIJA39_cPKN2bn4tileEA4_ciEEEvPKcS9_S9_iDpRKT_
                0x00000000080059ac       0x64 bn_bg_blocks_manager.o
                0x00000000080059ac                void _bn::assert::show_args<char [39], bn::tile const*, char [4], int>(char const*, char const*, char const*, int, char const (&) [39], bn::tile const* const&, char const (&) [4], int const&)
 .text._ZN2bn14iunordered_mapIPKviNS_17bg_blocks_manager12_GLOBAL__N_115identity_hasherENS_8equal_toIS2_EEE5eraseERKNS8_14const_iteratorE.constprop.0.isra.0
                0x0000000008005a10      0x1a8 bn_bg_blocks_manager.o
 .text._ZN2bn17bg_blocks_manager12_GLOBAL__N_121_remove_adjacent_itemEiRNS1_9item_typeE
                0x0000000008005bb8       0xcc bn_bg_blocks_manager.o
 .text._ZN2bn17bg_blocks_manager6updateEv
                0x0000000008005c84      0x200 bn_bg_blocks_manager.o
                0x0000000008005c84                bn::bg_blocks_manager::update()
 .text._ZN2bn17bg_blocks_manager12_GLOBAL__N_112_create_itemEiibONS1_11create_dataE
                0x0000000008005e84      0x538 bn_bg_blocks_manager.o
 .text._ZN2bn17bg_blocks_manager12_GLOBAL__N_112_create_implEONS1_11create_dataE
                0x00000000080063bc      0x1d0 bn_bg_blocks_manager.o
 .text._ZN2bn17bg_blocks_manager20create_regular_tilesERKNS_21regular_bg_tiles_itemEb
                0x000000000800658c      0x148 bn_bg_blocks_manager.o
                0x000000000800658c                bn::bg_blocks_manager::create_regular_tiles(bn::regular_bg_tiles_item const&, bool)
 .text._ZN2bn17bg_blocks_manager18create_regular_mapERKNS_19regular_bg_map_itemEONS_20regular_bg_tiles_ptrEONS_14bg_palette_ptrEb
                0x00000000080066d4      0x280 bn_bg_blocks_manager.o
                0x00000000080066d4                bn::bg_blocks_manager::create_regular_map(bn::regular_bg_map_item const&, bn::regular_bg_tiles_ptr&&, bn::bg_palette_ptr&&, bool)
 .text._ZN2bn18regular_bg_map_ptr6createERKNS_15regular_bg_itemE
                0x0000000008006954       0x50 bn_bg_blocks_manager.o
                0x0000000008006954                bn::regular_bg_map_ptr::create(bn::regular_bg_item const&)
 .text.startup._GLOBAL__sub_I__ZN2bn7bg_maps16used_cells_countEv
                0x00000000080069a4       0x98 bn_bg_blocks_manager.o
 .text.exit._GLOBAL__sub_D__ZN2bn7bg_maps16used_cells_countEv
                0x0000000008006a3c       0x50 bn_bg_blocks_manager.o
 .text._ZN2bn13ostringstreamC2ERNS_12istring_baseE
                0x0000000008006a8c        0x8 bn_sstream.o
                0x0000000008006a8c                bn::ostringstream::ostringstream(bn::istring_base&)
                0x0000000008006a8c                bn::ostringstream::ostringstream(bn::istring_base&)
 .text._ZNK2bn13ostringstream4sizeEv
                0x0000000008006a94        0x8 bn_sstream.o
                0x0000000008006a94                bn::ostringstream::size() const
 .text._ZN3_bn6assert9show_argsIJA19_ciA4_ciEEEvPKcS5_S5_iDpRKT_
                0x0000000008006a9c      0x168 bn_sstream.o
                0x0000000008006a9c                void _bn::assert::show_args<char [19], int, char [4], int>(char const*, char const*, char const*, int, char const (&) [19], int const&, char const (&) [4], int const&)
 .text._ZN2bn13ostringstream6appendEPKc
                0x0000000008006c04       0x88 bn_sstream.o
                0x0000000008006c04                bn::ostringstream::append(char const*)
 .text._ZN2bn7istring6appendEPKc.isra.0
                0x0000000008006c8c       0x88 bn_sstream.o
 .text._ZN2bn13ostringstream6appendEi
                0x0000000008006d14       0x9c bn_sstream.o
                0x0000000008006d14                bn::ostringstream::append(int)
 .text._ZN3_bn6assert9show_argsIA26_ciEEvPKcS4_S4_iRKT_RKT0_
                0x0000000008006db0       0x54 bn_sstream.o
                0x0000000008006db0                void _bn::assert::show_args<char [26], int>(char const*, char const*, char const*, int, char const (&) [26], int const&)
 .text._ZN2bn13ostringstream6appendERKNS_11string_viewE
                0x0000000008006e04       0x94 bn_sstream.o
                0x0000000008006e04                bn::ostringstream::append(bn::string_view const&)
 .text._ZN2bn13ostringstream6appendEj
                0x0000000008006e98       0x9c bn_sstream.o
                0x0000000008006e98                bn::ostringstream::append(unsigned int)
 .text._ZN2bn13ostringstream6appendEPKv
                0x0000000008006f34       0xe8 bn_sstream.o
                0x0000000008006f34                bn::ostringstream::append(void const*)
 .text._ZN2bn13ostringstream16_append_fractionEji
                0x000000000800701c       0xfc bn_sstream.o
                0x000000000800701c                bn::ostringstream::_append_fraction(unsigned int, int)
 .text._ZN2bn13ostringstream6appendEc
                0x0000000008007118       0x44 bn_sstream.o
                0x0000000008007118                bn::ostringstream::append(char)
 .text._ZN2bn13audio_manager4initEv
                0x000000000800715c        0xc bn_audio_manager.o
                0x000000000800715c                bn::audio_manager::init()
 .text._ZN2bn13audio_manager7disableEv
                0x0000000008007168        0xc bn_audio_manager.o
                0x0000000008007168                bn::audio_manager::disable()
 .text._ZN2bn13audio_manager22disable_vblank_handlerEv
                0x0000000008007174        0xc bn_audio_manager.o
                0x0000000008007174                bn::audio_manager::disable_vblank_handler()
 .text._ZN2bn13audio_manager6updateEv
                0x0000000008007180       0x18 bn_audio_manager.o
                0x0000000008007180                bn::audio_manager::update()
 .text._ZN2bn13audio_manager6commitEv
                0x0000000008007198        0xc bn_audio_manager.o
                0x0000000008007198                bn::audio_manager::commit()
 .text._ZN2bn13audio_manager16execute_commandsEv
                0x00000000080071a4      0x178 bn_audio_manager.o
                0x00000000080071a4                bn::audio_manager::execute_commands()
 .text._ZN3_bn6assert9show_argsIA25_cEEvPKcS4_S4_iRKT_
                0x000000000800731c       0x50 bn_audio_manager.o
                0x000000000800731c                void _bn::assert::show_args<char [25]>(char const*, char const*, char const*, int, char const (&) [25])
 .text._ZN2bn13audio_manager10stop_musicEv
                0x000000000800736c       0x70 bn_audio_manager.o
                0x000000000800736c                bn::audio_manager::stop_music()
 .text._ZN2bn13audio_manager4stopEv
                0x00000000080073dc       0x5c bn_audio_manager.o
                0x00000000080073dc                bn::audio_manager::stop()
 .text._ZNK2bn10music_item4playENS_7fixed_tILi12EEE
                0x0000000008007438       0x9c bn_audio_manager.o
                0x0000000008007438                bn::music_item::play(bn::fixed_t<12>) const
 .text.startup._GLOBAL__sub_I__ZN2bn5audio16update_on_vblankEv
                0x00000000080074d4       0x30 bn_audio_manager.o
 .text._ZN2bn26sprite_affine_mats_manager12_GLOBAL__N_119_sprite_double_sizeILi32ELi16EEEbiiiii
                0x0000000008007504       0x84 bn_sprite_affine_mats_manager.o
 .text._ZN2bn26sprite_affine_mats_manager12_GLOBAL__N_119_sprite_double_sizeILi16ELi32EEEbiiiii
                0x0000000008007588       0x84 bn_sprite_affine_mats_manager.o
 .text._ZN2bn26sprite_affine_mats_manager12_GLOBAL__N_124_update_flipped_identityEi
                0x000000000800760c       0xb4 bn_sprite_affine_mats_manager.o
 .text._ZN2bn26sprite_affine_mats_manager12_GLOBAL__N_17_updateEi
                0x00000000080076c0       0x74 bn_sprite_affine_mats_manager.o
 .text._ZNK2bn21sprite_affine_mat_ptr15horizontal_flipEv
                0x0000000008007734       0x18 bn_sprite_affine_mats_manager.o
                0x0000000008007734                bn::sprite_affine_mat_ptr::horizontal_flip() const
 .text._ZNK2bn21sprite_affine_mat_ptr13vertical_flipEv
                0x000000000800774c       0x18 bn_sprite_affine_mats_manager.o
                0x000000000800774c                bn::sprite_affine_mat_ptr::vertical_flip() const
 .text._ZN2bn26sprite_affine_mats_manager13attach_spriteEiRNS_24intrusive_list_node_typeE
                0x0000000008007764       0x2c bn_sprite_affine_mats_manager.o
                0x0000000008007764                bn::sprite_affine_mats_manager::attach_sprite(int, bn::intrusive_list_node_type&)
 .text._ZN2bn26sprite_affine_mats_manager18sprite_double_sizeEiRKNS_17sprite_shape_sizeE
                0x0000000008007790      0x1e4 bn_sprite_affine_mats_manager.o
                0x0000000008007790                bn::sprite_affine_mats_manager::sprite_double_size(int, bn::sprite_shape_size const&)
 .text._ZN2bn26sprite_affine_mats_manager20retrieve_commit_dataEv
                0x0000000008007974       0x38 bn_sprite_affine_mats_manager.o
                0x0000000008007974                bn::sprite_affine_mats_manager::retrieve_commit_data()
 .text._ZN2bn26sprite_affine_mats_manager9set_scaleEiNS_7fixed_tILi12EEE
                0x00000000080079ac      0x138 bn_sprite_affine_mats_manager.o
                0x00000000080079ac                bn::sprite_affine_mats_manager::set_scale(int, bn::fixed_t<12>)
 .text._ZN2bn21sprite_affine_mat_ptr9set_scaleENS_7fixed_tILi12EEE
                0x0000000008007ae4       0x14 bn_sprite_affine_mats_manager.o
                0x0000000008007ae4                bn::sprite_affine_mat_ptr::set_scale(bn::fixed_t<12>)
 .text._ZN2bn26sprite_affine_mats_manager9set_scaleEiNS_7fixed_tILi12EEES2_
                0x0000000008007af8      0x1a8 bn_sprite_affine_mats_manager.o
                0x0000000008007af8                bn::sprite_affine_mats_manager::set_scale(int, bn::fixed_t<12>, bn::fixed_t<12>)
 .text._ZN2bn21sprite_affine_mat_ptr9set_scaleENS_7fixed_tILi12EEES2_
                0x0000000008007ca0       0x14 bn_sprite_affine_mats_manager.o
                0x0000000008007ca0                bn::sprite_affine_mat_ptr::set_scale(bn::fixed_t<12>, bn::fixed_t<12>)
 .text._ZN3_bn6assert9show_argsIA16_cEEvPKcS4_S4_iRKT_
                0x0000000008007cb4       0x50 bn_sprite_affine_mats_manager.o
                0x0000000008007cb4                void _bn::assert::show_args<char [16]>(char const*, char const*, char const*, int, char const (&) [16])
 .text._ZN2bn26sprite_affine_mats_manager12_GLOBAL__N_115_new_item_indexEv
                0x0000000008007d04       0xd8 bn_sprite_affine_mats_manager.o
 .text._ZN2bn26sprite_affine_mats_manager15create_optionalERKNS_21affine_mat_attributesE
                0x0000000008007ddc       0xf8 bn_sprite_affine_mats_manager.o
                0x0000000008007ddc                bn::sprite_affine_mats_manager::create_optional(bn::affine_mat_attributes const&)
 .text._ZN2bn21sprite_affine_mat_ptr6createERKNS_21affine_mat_attributesE
                0x0000000008007ed4       0x3c bn_sprite_affine_mats_manager.o
                0x0000000008007ed4                bn::sprite_affine_mat_ptr::create(bn::affine_mat_attributes const&)
 .text._ZN2bn26sprite_affine_mats_manager15decrease_usagesEi.part.0
                0x0000000008007f10       0x68 bn_sprite_affine_mats_manager.o
 .text._ZN2bn21sprite_affine_mat_ptrD2Ev
                0x0000000008007f78       0x34 bn_sprite_affine_mats_manager.o
                0x0000000008007f78                bn::sprite_affine_mat_ptr::~sprite_affine_mat_ptr()
                0x0000000008007f78                bn::sprite_affine_mat_ptr::~sprite_affine_mat_ptr()
 .text._ZN2bn26sprite_affine_mats_manager6updateEv
                0x0000000008007fac       0xa0 bn_sprite_affine_mats_manager.o
                0x0000000008007fac                bn::sprite_affine_mats_manager::update()
 .text._ZN2bn26sprite_affine_mats_manager4initEPv
                0x000000000800804c       0x6c bn_sprite_affine_mats_manager.o
                0x000000000800804c                bn::sprite_affine_mats_manager::init(void*)
 .text._ZN2bn26sprite_affine_mats_manager14dettach_spriteEiRNS_24intrusive_list_node_typeE
                0x00000000080080b8       0x4c bn_sprite_affine_mats_manager.o
                0x00000000080080b8                bn::sprite_affine_mats_manager::dettach_sprite(int, bn::intrusive_list_node_type&)
 .text.startup._GLOBAL__sub_I__ZN2bn18sprite_affine_mats10used_countEv
                0x0000000008008104       0x98 bn_sprite_affine_mats_manager.o
 .text.exit._GLOBAL__sub_D__ZN2bn18sprite_affine_mats10used_countEv
                0x000000000800819c       0x3c bn_sprite_affine_mats_manager.o
 .text._ZN2bn12link_manager4initEv
                0x00000000080081d8        0xc bn_link_manager.o
                0x00000000080081d8                bn::link_manager::init()
 .text._ZN2bn12link_manager6activeEv
                0x00000000080081e4        0xc bn_link_manager.o
                0x00000000080081e4                bn::link_manager::active()
 .text._ZN2bn12link_manager7disableEv
                0x00000000080081f0       0x18 bn_link_manager.o
                0x00000000080081f0                bn::link_manager::disable()
 .text._ZN2bn2hw8palettes9grayscaleEPKNS_5colorEiiPS2_.part.0
                0x0000000008008208       0x40 bn_palettes_manager.o
 .text._ZN2bn14bg_palette_ptrC2ERKS0_
                0x0000000008008248       0x2c bn_palettes_manager.o
                0x0000000008008248                bn::bg_palette_ptr::bg_palette_ptr(bn::bg_palette_ptr const&)
                0x0000000008008248                bn::bg_palette_ptr::bg_palette_ptr(bn::bg_palette_ptr const&)
 .text._ZNK2bn14bg_palette_ptr3bppEv
                0x0000000008008274       0x20 bn_palettes_manager.o
                0x0000000008008274                bn::bg_palette_ptr::bpp() const
 .text._ZNK2bn18sprite_palette_ptr3bppEv
                0x0000000008008294       0x1c bn_palettes_manager.o
                0x0000000008008294                bn::sprite_palette_ptr::bpp() const
 .text._ZNK2bn13palettes_bank10log_statusEv
                0x00000000080082b0      0x188 bn_palettes_manager.o
                0x00000000080082b0                bn::palettes_bank::log_status() const
 .text._ZNK2bn13palettes_bank20retrieve_commit_dataEv
                0x0000000008008438       0x4c bn_palettes_manager.o
                0x0000000008008438                bn::palettes_bank::retrieve_commit_data() const
 .text._ZNK2bn13palettes_bank12_same_colorsERKNS_4spanIKNS_5colorEEEi
                0x0000000008008484       0x50 bn_palettes_manager.o
                0x0000000008008484                bn::palettes_bank::_same_colors(bn::span<bn::color const> const&, int) const
 .text._ZN2bn13palettes_bank10find_bpp_4ERKNS_4spanIKNS_5colorEEEt
                0x00000000080084d4       0xdc bn_palettes_manager.o
                0x00000000080084d4                bn::palettes_bank::find_bpp_4(bn::span<bn::color const> const&, unsigned short)
 .text._ZNK2bn13palettes_bank21_apply_global_effectsEiPNS_5colorE
                0x00000000080085b0      0x13c bn_palettes_manager.o
                0x00000000080085b0                bn::palettes_bank::_apply_global_effects(int, bn::color*) const
 .text._ZNK2bn13palettes_bank25fill_hblank_effect_colorsEPKNS_5colorEPt
                0x00000000080086ec       0x30 bn_palettes_manager.o
                0x00000000080086ec                bn::palettes_bank::fill_hblank_effect_colors(bn::color const*, unsigned short*) const
 .text._ZNK2bn13palettes_bank7palette13apply_effectsEiPNS_5colorE
                0x000000000800871c       0xbc bn_palettes_manager.o
                0x000000000800871c                bn::palettes_bank::palette::apply_effects(int, bn::color*) const
 .text._ZNK2bn13palettes_bank25fill_hblank_effect_colorsEiPKNS_5colorEPt
                0x00000000080087d8       0x44 bn_palettes_manager.o
                0x00000000080087d8                bn::palettes_bank::fill_hblank_effect_colors(int, bn::color const*, unsigned short*) const
 .text._ZN2bn13palettes_bank15_update_paletteEi
                0x000000000800881c       0x6c bn_palettes_manager.o
                0x000000000800881c                bn::palettes_bank::_update_palette(int)
 .text._ZN2bn13palettes_bank6updateEv
                0x0000000008008888      0x124 bn_palettes_manager.o
                0x0000000008008888                bn::palettes_bank::update()
 .text._ZN2bn13palettes_bankC2Ev
                0x00000000080089ac       0xcc bn_palettes_manager.o
                0x00000000080089ac                bn::palettes_bank::palettes_bank()
                0x00000000080089ac                bn::palettes_bank::palettes_bank()
 .text._ZN2bn16palettes_manager20sprite_palettes_bankEv
                0x0000000008008a78        0x8 bn_palettes_manager.o
                0x0000000008008a78                bn::palettes_manager::sprite_palettes_bank()
 .text._ZN2bn16palettes_manager16bg_palettes_bankEv
                0x0000000008008a80        0x8 bn_palettes_manager.o
                0x0000000008008a80                bn::palettes_manager::bg_palettes_bank()
 .text._ZN2bn16palettes_manager6updateEv
                0x0000000008008a88       0x20 bn_palettes_manager.o
                0x0000000008008a88                bn::palettes_manager::update()
 .text._ZN2bn16palettes_manager6commitEb
                0x0000000008008aa8       0xf4 bn_palettes_manager.o
                0x0000000008008aa8                bn::palettes_manager::commit(bool)
 .text._ZN2bn16palettes_manager4stopEv
                0x0000000008008b9c       0x20 bn_palettes_manager.o
                0x0000000008008b9c                bn::palettes_manager::stop()
 .text._ZN3_bn6assert9show_argsIA35_cEEvPKcS4_S4_iRKT_
                0x0000000008008bbc       0x50 bn_palettes_manager.o
                0x0000000008008bbc                void _bn::assert::show_args<char [35]>(char const*, char const*, char const*, int, char const (&) [35])
 .text._ZN2bn13palettes_bank11colors_hashERKNS_4spanIKNS_5colorEEE
                0x0000000008008c0c       0x50 bn_palettes_manager.o
                0x0000000008008c0c                bn::palettes_bank::colors_hash(bn::span<bn::color const> const&)
 .text._ZN3_bn6assert9show_argsIJA43_ciA36_cA42_cEEEvPKcS6_S6_iDpRKT_
                0x0000000008008c5c       0x68 bn_palettes_manager.o
                0x0000000008008c5c                void _bn::assert::show_args<char [43], int, char [36], char [42]>(char const*, char const*, char const*, int, char const (&) [43], int const&, char const (&) [36], char const (&) [42])
 .text._ZN2bn13palettes_bank12create_bpp_8ERKNS_4spanIKNS_5colorEEENS_16compression_typeEb
                0x0000000008008cc4      0x22c bn_palettes_manager.o
                0x0000000008008cc4                bn::palettes_bank::create_bpp_8(bn::span<bn::color const> const&, bn::compression_type, bool)
 .text._ZN3_bn6assert9show_argsIJA39_cPKN2bn5colorEA4_ciEEEvPKcS9_S9_iDpRKT_
                0x0000000008008ef0       0x64 bn_palettes_manager.o
                0x0000000008008ef0                void _bn::assert::show_args<char [39], bn::color const*, char [4], int>(char const*, char const*, char const*, int, char const (&) [39], bn::color const* const&, char const (&) [4], int const&)
 .text._ZNK2bn15bg_palette_item10decompressENS_4spanINS_5colorEEE
                0x0000000008008f54      0x170 bn_palettes_manager.o
                0x0000000008008f54                bn::bg_palette_item::decompress(bn::span<bn::color>) const
 .text._ZNK2bn19sprite_palette_item10decompressENS_4spanINS_5colorEEE
                0x00000000080090c4      0x170 bn_palettes_manager.o
                0x00000000080090c4                bn::sprite_palette_item::decompress(bn::span<bn::color>) const
 .text._ZN2bn13palettes_bank12create_bpp_4ERKNS_4spanIKNS_5colorEEEtb
                0x0000000008009234      0x2a0 bn_palettes_manager.o
                0x0000000008009234                bn::palettes_bank::create_bpp_4(bn::span<bn::color const> const&, unsigned short, bool)
 .text._ZN2bn12_GLOBAL__N_112_create_implERKNS_15bg_palette_itemEb
                0x00000000080094d4       0x94 bn_palettes_manager.o
 .text._ZN2bn14bg_palette_ptr6createERKNS_15bg_palette_itemE
                0x0000000008009568       0x54 bn_palettes_manager.o
                0x0000000008009568                bn::bg_palette_ptr::create(bn::bg_palette_item const&)
 .text._ZNK2bn15bg_palette_item14create_paletteEv
                0x00000000080095bc       0x10 bn_palettes_manager.o
                0x00000000080095bc                bn::bg_palette_item::create_palette() const
 .text._ZN2bn12_GLOBAL__N_112_create_implERKNS_19sprite_palette_itemEb
                0x00000000080095cc       0x7c bn_palettes_manager.o
 .text._ZNK2bn19sprite_palette_item14create_paletteEv
                0x0000000008009648       0x48 bn_palettes_manager.o
                0x0000000008009648                bn::sprite_palette_item::create_palette() const
 .text._ZN2bn14iunordered_mapItsNS_13palettes_bank15identity_hasherENS_8equal_toItEEE5eraseERKNS5_14const_iteratorE.isra.0
                0x0000000008009690      0x174 bn_palettes_manager.o
 .text._ZN2bn13palettes_bank15decrease_usagesEi.part.0
                0x0000000008009804       0xdc bn_palettes_manager.o
 .text._ZN2bn14bg_palette_ptrD2Ev
                0x00000000080098e0       0x3c bn_palettes_manager.o
                0x00000000080098e0                bn::bg_palette_ptr::~bg_palette_ptr()
                0x00000000080098e0                bn::bg_palette_ptr::~bg_palette_ptr()
 .text._ZN2bn18sprite_palette_ptrD2Ev
                0x000000000800991c       0x30 bn_palettes_manager.o
                0x000000000800991c                bn::sprite_palette_ptr::~sprite_palette_ptr()
                0x000000000800991c                bn::sprite_palette_ptr::~sprite_palette_ptr()
 .text._ZN2bn14bg_palette_ptraSERKS0_
                0x000000000800994c       0x5c bn_palettes_manager.o
                0x000000000800994c                bn::bg_palette_ptr::operator=(bn::bg_palette_ptr const&)
 .text.startup._GLOBAL__sub_I__ZN2bn11bg_palettes17used_colors_countEv
                0x00000000080099a8       0x20 bn_palettes_manager.o
 .text._ZN2bn12gpio_manager6commitEv
                0x00000000080099c8       0x48 bn_gpio_manager.o
                0x00000000080099c8                bn::gpio_manager::commit()
 .text._ZN2bn12gpio_manager4stopEv
                0x0000000008009a10       0x3c bn_gpio_manager.o
                0x0000000008009a10                bn::gpio_manager::stop()
 .text._ZN3_bn6assert9show_argsIJA25_ciA4_ctEEEvPKcS5_S5_iDpRKT_
                0x0000000008009a4c       0x6c bn_sprite_text_generator.o
                0x0000000008009a4c                void _bn::assert::show_args<char [25], int, char [4], unsigned short>(char const*, char const*, char const*, int, char const (&) [25], int const&, char const (&) [4], unsigned short const&)
 .text._ZN2bn10camera_ptrD2Ev
                0x0000000008009ab8       0x38 bn_cameras_manager.o
                0x0000000008009ab8                bn::camera_ptr::~camera_ptr()
                0x0000000008009ab8                bn::camera_ptr::~camera_ptr()
 .text._ZNK2bn10camera_ptr8positionEv
                0x0000000008009af0       0x14 bn_cameras_manager.o
                0x0000000008009af0                bn::camera_ptr::position() const
 .text._ZN2bn15cameras_manager4initEv
                0x0000000008009b04       0x10 bn_cameras_manager.o
                0x0000000008009b04                bn::cameras_manager::init()
 .text._ZN2bn15cameras_manager6updateEv
                0x0000000008009b14       0x28 bn_cameras_manager.o
                0x0000000008009b14                bn::cameras_manager::update()
 .text._ZN2bn3logERKNS_12istring_baseE
                0x0000000008009b3c        0xc bn_log.o
                0x0000000008009b3c                bn::log(bn::istring_base const&)
 .text._ZNK2bn16sprite_tiles_ptr2idEv
                0x0000000008009b48       0x18 bn_sprite_tiles_manager.o
                0x0000000008009b48                bn::sprite_tiles_ptr::id() const
 .text._ZNK2bn16sprite_tiles_ptr11tiles_countEv
                0x0000000008009b60       0x18 bn_sprite_tiles_manager.o
                0x0000000008009b60                bn::sprite_tiles_ptr::tiles_count() const
 .text._ZN2bn20sprite_tiles_manager10log_statusEv
                0x0000000008009b78      0x1ec bn_sprite_tiles_manager.o
                0x0000000008009b78                bn::sprite_tiles_manager::log_status()
 .text._ZN2bn20sprite_tiles_manager19commit_uncompressedEb
                0x0000000008009d64       0xdc bn_sprite_tiles_manager.o
                0x0000000008009d64                bn::sprite_tiles_manager::commit_uncompressed(bool)
 .text._ZN2bn20sprite_tiles_manager17commit_compressedEv
                0x0000000008009e40       0xe4 bn_sprite_tiles_manager.o
                0x0000000008009e40                bn::sprite_tiles_manager::commit_compressed()
 .text._ZN3_bn6assert9show_argsIJA44_cPKN2bn4tileEA4_cS6_EEEvPKcS9_S9_iDpRKT_
                0x0000000008009f24       0x6c bn_sprite_tiles_manager.o
                0x0000000008009f24                void _bn::assert::show_args<char [44], bn::tile const*, char [4], bn::tile const*>(char const*, char const*, char const*, int, char const (&) [44], bn::tile const* const&, char const (&) [4], bn::tile const* const&)
 .text._ZN3_bn6assert9show_argsIJA46_ciA4_cjEEEvPKcS5_S5_iDpRKT_
                0x0000000008009f90       0x6c bn_sprite_tiles_manager.o
                0x0000000008009f90                void _bn::assert::show_args<char [46], int, char [4], unsigned int>(char const*, char const*, char const*, int, char const (&) [46], int const&, char const (&) [4], unsigned int const&)
 .text._ZN3_bn6assert9show_argsIJA28_cA15_cPKN2bn4tileEA16_ciA34_cNS4_11string_viewEEEEvPKcSC_SC_iDpRKT_
                0x0000000008009ffc       0x84 bn_sprite_tiles_manager.o
                0x0000000008009ffc                void _bn::assert::show_args<char [28], char [15], bn::tile const*, char [16], int, char [34], bn::string_view>(char const*, char const*, char const*, int, char const (&) [28], char const (&) [15], bn::tile const* const&, char const (&) [16], int const&, char const (&) [34], bn::string_view const&)
 .text._ZN2bn20sprite_tiles_manager4initEv
                0x000000000800a080       0xf4 bn_sprite_tiles_manager.o
                0x000000000800a080                bn::sprite_tiles_manager::init()
 .text._ZN2bn20sprite_tiles_manager12_GLOBAL__N_122_insert_to_commit_itemEiRNS1_9item_typeE.part.0
                0x000000000800a174       0x6c bn_sprite_tiles_manager.o
 .text._ZN2bn20sprite_tiles_manager12_GLOBAL__N_117_insert_free_itemEiPt
                0x000000000800a1e0       0xcc bn_sprite_tiles_manager.o
 .text._ZN2bn20sprite_tiles_manager12_GLOBAL__N_116_erase_free_itemEi
                0x000000000800a2ac       0xe4 bn_sprite_tiles_manager.o
 .text._ZN2bn20sprite_tiles_manager12_GLOBAL__N_121_erase_to_commit_itemEiRNS1_9item_typeE
                0x000000000800a390      0x100 bn_sprite_tiles_manager.o
 .text._ZN2bn20sprite_tiles_manager15decrease_usagesEi
                0x000000000800a490      0x13c bn_sprite_tiles_manager.o
                0x000000000800a490                bn::sprite_tiles_manager::decrease_usages(int)
 .text._ZN2bn16sprite_tiles_ptrD2Ev
                0x000000000800a5cc       0x18 bn_sprite_tiles_manager.o
                0x000000000800a5cc                bn::sprite_tiles_ptr::~sprite_tiles_ptr()
                0x000000000800a5cc                bn::sprite_tiles_ptr::~sprite_tiles_ptr()
 .text._ZN2bn14iunordered_mapIPKNS_4tileEiNS_4hashIS3_EENS_8equal_toIS3_EEE5eraseERKNS8_14const_iteratorE.isra.0
                0x000000000800a5e4      0x17c bn_sprite_tiles_manager.o
 .text._ZN2bn20sprite_tiles_manager12_GLOBAL__N_112_create_itemEiPKNS_4tileENS_16compression_typeEib
                0x000000000800a760      0x2f0 bn_sprite_tiles_manager.o
 .text._ZN2bn20sprite_tiles_manager6updateEv
                0x000000000800aa50      0x238 bn_sprite_tiles_manager.o
                0x000000000800aa50                bn::sprite_tiles_manager::update()
 .text._ZN2bn20sprite_tiles_manager12_GLOBAL__N_112_create_implEPKNS_4tileENS_16compression_typeEi
                0x000000000800ac88      0x1f8 bn_sprite_tiles_manager.o
 .text._ZN2bn20sprite_tiles_manager12_GLOBAL__N_110_find_implEPKNS_4tileENS_16compression_typeEi
                0x000000000800ae80      0x294 bn_sprite_tiles_manager.o
 .text._ZN2bn20sprite_tiles_manager6createERKNS_4spanIKNS_4tileEEENS_16compression_typeE
                0x000000000800b114      0x144 bn_sprite_tiles_manager.o
                0x000000000800b114                bn::sprite_tiles_manager::create(bn::span<bn::tile const> const&, bn::compression_type)
 .text._ZNK2bn17sprite_tiles_item12create_tilesEv
                0x000000000800b258       0x94 bn_sprite_tiles_manager.o
                0x000000000800b258                bn::sprite_tiles_item::create_tiles() const
 .text._ZNK2bn17sprite_tiles_item12create_tilesEi
                0x000000000800b2ec       0xe4 bn_sprite_tiles_manager.o
                0x000000000800b2ec                bn::sprite_tiles_item::create_tiles(int) const
 .text.startup._GLOBAL__sub_I__ZN2bn12sprite_tiles16used_tiles_countEv
                0x000000000800b3d0      0x11c bn_sprite_tiles_manager.o
 .text._ZN2bn22hblank_effects_manager12_GLOBAL__N_19item_type18_output_values_ptrEv
                0x000000000800b4ec       0x40 bn_hblank_effects_manager.o
 .text._ZN2bn7type_idINS_4pairIiiEEEENS_9type_id_tEv
                0x000000000800b52c        0x8 bn_hblank_effects_manager.o
                0x000000000800b52c                bn::type_id_t bn::type_id<bn::pair<int, int> >()
 .text._ZN2bn7type_idINS_33regular_bg_attributes_hbe_handler15last_value_typeEEENS_9type_id_tEv
                0x000000000800b534        0x8 bn_hblank_effects_manager.o
                0x000000000800b534                bn::type_id_t bn::type_id<bn::regular_bg_attributes_hbe_handler::last_value_type>()
 .text._ZN2bn7type_idINS_32affine_bg_attributes_hbe_handler15last_value_typeEEENS_9type_id_tEv
                0x000000000800b53c        0x8 bn_hblank_effects_manager.o
                0x000000000800b53c                bn::type_id_t bn::type_id<bn::affine_bg_attributes_hbe_handler::last_value_type>()
 .text._ZN2bn7type_idIiEENS_9type_id_tEv
                0x000000000800b544        0x8 bn_hblank_effects_manager.o
                0x000000000800b544                bn::type_id_t bn::type_id<int>()
 .text._ZN2bn7type_idINS_47affine_bg_pivot_horizontal_position_hbe_handler15last_value_typeEEENS_9type_id_tEv
                0x000000000800b54c        0x8 bn_hblank_effects_manager.o
                0x000000000800b54c                bn::type_id_t bn::type_id<bn::affine_bg_pivot_horizontal_position_hbe_handler::last_value_type>()
 .text._ZN2bn7type_idINS_45affine_bg_pivot_vertical_position_hbe_handler15last_value_typeEEENS_9type_id_tEv
                0x000000000800b554        0x8 bn_hblank_effects_manager.o
                0x000000000800b554                bn::type_id_t bn::type_id<bn::affine_bg_pivot_vertical_position_hbe_handler::last_value_type>()
 .text._ZN2bn7type_idINS_35sprite_first_attributes_hbe_handler15last_value_typeEEENS_9type_id_tEv
                0x000000000800b55c        0x8 bn_hblank_effects_manager.o
                0x000000000800b55c                bn::type_id_t bn::type_id<bn::sprite_first_attributes_hbe_handler::last_value_type>()
 .text._ZN2bn7type_idINS_35sprite_second_attributes_last_valueEEENS_9type_id_tEv
                0x000000000800b564        0x8 bn_hblank_effects_manager.o
                0x000000000800b564                bn::type_id_t bn::type_id<bn::sprite_second_attributes_last_value>()
 .text._ZN2bn7type_idINS_17sprite_shape_sizeEEENS_9type_id_tEv
                0x000000000800b56c        0x8 bn_hblank_effects_manager.o
                0x000000000800b56c                bn::type_id_t bn::type_id<bn::sprite_shape_size>()
 .text._ZN2bn22hblank_effects_manager7disableEv
                0x000000000800b574       0x24 bn_hblank_effects_manager.o
                0x000000000800b574                bn::hblank_effects_manager::disable()
 .text._ZN2bn22hblank_effects_manager6commitEv
                0x000000000800b598       0x74 bn_hblank_effects_manager.o
                0x000000000800b598                bn::hblank_effects_manager::commit()
 .text._ZN2bn22hblank_effects_manager12_GLOBAL__N_110_is_uint32ENS0_12handler_typeE
                0x000000000800b60c       0x64 bn_hblank_effects_manager.o
 .text._ZN3_bn6assert9show_argsIA18_cEEvPKcS4_S4_iRKT_
                0x000000000800b670       0x50 bn_hblank_effects_manager.o
                0x000000000800b670                void _bn::assert::show_args<char [18]>(char const*, char const*, char const*, int, char const (&) [18])
 .text._ZN2bn22hblank_effects_manager12_GLOBAL__N_19item_type12check_updateEv
                0x000000000800b6c0     0x1b54 bn_hblank_effects_manager.o
 .text._ZN2bn22hblank_effects_manager6updateEv
                0x000000000800d214      0x1ec bn_hblank_effects_manager.o
                0x000000000800d214                bn::hblank_effects_manager::update()
 .text._ZN2bn22hblank_effects_manager4initEv
                0x000000000800d400       0xd4 bn_hblank_effects_manager.o
                0x000000000800d400                bn::hblank_effects_manager::init()
 .text.startup._GLOBAL__sub_I__ZN2bn4hbes10used_countEv
                0x000000000800d4d4       0xfc bn_hblank_effects_manager.o
 .text.exit._GLOBAL__sub_D__ZN2bn4hbes10used_countEv
                0x000000000800d5d0       0x40 bn_hblank_effects_manager.o
 .text._ZN2bn14keypad_manager4stopEv
                0x000000000800d610        0x4 bn_keypad_manager.o
                0x000000000800d610                bn::keypad_manager::stop()
 .text._ZN2bn14keypad_manager6updateEv
                0x000000000800d614       0xa8 bn_keypad_manager.o
                0x000000000800d614                bn::keypad_manager::update()
 .text._ZN3_bn6assert9show_argsIA24_ciEEvPKcS4_S4_iRKT_RKT0_
                0x000000000800d6bc       0x58 bn_keypad_manager.o
                0x000000000800d6bc                void _bn::assert::show_args<char [24], int>(char const*, char const*, char const*, int, char const (&) [24], int const&)
 .text._ZN2bn14keypad_manager4initERKNS_11string_viewE
                0x000000000800d714       0x58 bn_keypad_manager.o
                0x000000000800d714                bn::keypad_manager::init(bn::string_view const&)
 .text._ZN2bn11bgs_manager12_GLOBAL__N_129_check_unique_regular_big_mapERNS1_9item_typeE
                0x000000000800d76c       0x68 bn_bgs_manager.o
 .text._ZN2bn11bgs_manager12_GLOBAL__N_133_update_item_hw_affine_attributesERKNS1_9item_typeE
                0x000000000800d7d4       0x48 bn_bgs_manager.o
 .text._ZN2bn13ostringstream11append_argsIiJA4_ciEEEvRKT_DpRKT0_.isra.0
                0x000000000800d81c       0x24 bn_bgs_manager.o
 .text._ZN2bn11bgs_manager5hw_idEPv
                0x000000000800d840        0x8 bn_bgs_manager.o
                0x000000000800d840                bn::bgs_manager::hw_id(void*)
 .text._ZN2bn11bgs_manager11hw_positionEPv
                0x000000000800d848        0x4 bn_bgs_manager.o
                0x000000000800d848                bn::bgs_manager::hw_position(void*)
 .text._ZN2bn11bgs_manager14mat_attributesEPv
                0x000000000800d84c        0x4 bn_bgs_manager.o
                0x000000000800d84c                bn::bgs_manager::mat_attributes(void*)
 .text._ZN2bn11bgs_manager20update_windows_flagsEPj
                0x000000000800d850       0x7c bn_bgs_manager.o
                0x000000000800d850                bn::bgs_manager::update_windows_flags(unsigned int*)
 .text._ZN2bn11bgs_manager36fill_hblank_effect_regular_positionsEiPKNS_7fixed_tILi12EEEPt
                0x000000000800d8cc       0x38 bn_bgs_manager.o
                0x000000000800d8cc                bn::bgs_manager::fill_hblank_effect_regular_positions(int, bn::fixed_t<12> const*, unsigned short*)
 .text._ZN2bn11bgs_manager45fill_hblank_effect_pivot_horizontal_positionsEPvPKNS_7fixed_tILi12EEEPj
                0x000000000800d904       0x24 bn_bgs_manager.o
                0x000000000800d904                bn::bgs_manager::fill_hblank_effect_pivot_horizontal_positions(void*, bn::fixed_t<12> const*, unsigned int*)
 .text._ZN2bn11bgs_manager43fill_hblank_effect_pivot_vertical_positionsEPvPKNS_7fixed_tILi12EEEPj
                0x000000000800d928       0x24 bn_bgs_manager.o
                0x000000000800d928                bn::bgs_manager::fill_hblank_effect_pivot_vertical_positions(void*, bn::fixed_t<12> const*, unsigned int*)
 .text._ZN2bn11bgs_manager6commitEb
                0x000000000800d94c       0x58 bn_bgs_manager.o
                0x000000000800d94c                bn::bgs_manager::commit(bool)
 .text._ZN2bn11bgs_manager4stopEv
                0x000000000800d9a4       0x28 bn_bgs_manager.o
                0x000000000800d9a4                bn::bgs_manager::stop()
 .text._ZN3_bn6assert9show_argsIA30_cEEvPKcS4_S4_iRKT_
                0x000000000800d9cc       0x50 bn_bgs_manager.o
                0x000000000800d9cc                void _bn::assert::show_args<char [30]>(char const*, char const*, char const*, int, char const (&) [30])
 .text._ZN3_bn6assert9show_argsIJA60_ciA4_ciEEEvPKcS5_S5_iDpRKT_
                0x000000000800da1c       0x5c bn_bgs_manager.o
                0x000000000800da1c                void _bn::assert::show_args<char [60], int, char [4], int>(char const*, char const*, char const*, int, char const (&) [60], int const&, char const (&) [4], int const&)
 .text._ZN3_bn6assert9show_argsIJA59_ciA4_ciEEEvPKcS5_S5_iDpRKT_
                0x000000000800da78       0x5c bn_bgs_manager.o
                0x000000000800da78                void _bn::assert::show_args<char [59], int, char [4], int>(char const*, char const*, char const*, int, char const (&) [59], int const&, char const (&) [4], int const&)
 .text._ZN3_bn6assert9show_argsIJA57_ciA4_ciEEEvPKcS5_S5_iDpRKT_
                0x000000000800dad4       0x5c bn_bgs_manager.o
                0x000000000800dad4                void _bn::assert::show_args<char [57], int, char [4], int>(char const*, char const*, char const*, int, char const (&) [57], int const&, char const (&) [4], int const&)
 .text._ZN2bn11bgs_manager14update_camerasEv
                0x000000000800db30      0x2b4 bn_bgs_manager.o
                0x000000000800db30                bn::bgs_manager::update_cameras()
 .text._ZN2bn11bgs_manager15rebuild_handlesEv.part.0
                0x000000000800dde4      0x19c bn_bgs_manager.o
 .text._ZN2bn18regular_bg_builder11release_mapEv
                0x000000000800df80       0x78 bn_bgs_manager.o
                0x000000000800df80                bn::regular_bg_builder::release_map()
 .text._ZN2bn11bgs_manager37fill_hblank_effect_regular_attributesEPvPKNS_21regular_bg_attributesEPt
                0x000000000800dff8      0x104 bn_bgs_manager.o
                0x000000000800dff8                bn::bgs_manager::fill_hblank_effect_regular_attributes(void*, bn::regular_bg_attributes const*, unsigned short*)
 .text._ZN2bn11bgs_manager6updateEv
                0x000000000800e0fc      0x1d0 bn_bgs_manager.o
                0x000000000800e0fc                bn::bgs_manager::update()
 .text._ZN2bn11bgs_manager15commit_big_mapsEv
                0x000000000800e2cc      0x1d4 bn_bgs_manager.o
                0x000000000800e2cc                bn::bgs_manager::commit_big_maps()
 .text._ZN2bn11bgs_manager36fill_hblank_effect_affine_attributesEPvPKNS_20affine_bg_attributesEPt
                0x000000000800e4a0      0x108 bn_bgs_manager.o
                0x000000000800e4a0                bn::bgs_manager::fill_hblank_effect_affine_attributes(void*, bn::affine_bg_attributes const*, unsigned short*)
 .text._ZN2bn11bgs_manager12_GLOBAL__N_19item_type18update_regular_mapEv
                0x000000000800e5a8      0x238 bn_bgs_manager.o
 .text._ZN2bn11bgs_manager10affine_mapEPv
                0x000000000800e7e0       0x34 bn_bgs_manager.o
                0x000000000800e7e0                bn::bgs_manager::affine_map(void*)
 .text._ZN2bn11bgs_manager11regular_mapEPv
                0x000000000800e814       0x34 bn_bgs_manager.o
                0x000000000800e814                bn::bgs_manager::regular_map(void*)
 .text._ZN2bn11bgs_manager12_GLOBAL__N_112_insert_itemERNS1_9item_typeE
                0x000000000800e848      0x100 bn_bgs_manager.o
 .text._ZN2bn11bgs_manager6createEONS_18regular_bg_builderE
                0x000000000800e948      0x1f4 bn_bgs_manager.o
                0x000000000800e948                bn::bgs_manager::create(bn::regular_bg_builder&&)
 .text._ZNK2bn15regular_bg_item9create_bgENS_7fixed_tILi12EEES2_
                0x000000000800eb3c       0x74 bn_bgs_manager.o
                0x000000000800eb3c                bn::regular_bg_item::create_bg(bn::fixed_t<12>, bn::fixed_t<12>) const
 .text.startup._GLOBAL__sub_I__ZN2bn3bgs16used_items_countEv
                0x000000000800ebb0       0x80 bn_bgs_manager.o
 .text.exit._GLOBAL__sub_D__ZN2bn3bgs16used_items_countEv
                0x000000000800ec30       0x14 bn_bgs_manager.o
 .text._ZN2bn18igeneric_pool_baseC2EPci
                0x000000000800ec44       0x10 bn_generic_pool.o
                0x000000000800ec44                bn::igeneric_pool_base::igeneric_pool_base(char*, int)
                0x000000000800ec44                bn::igeneric_pool_base::igeneric_pool_base(char*, int)
 .text._ZN2bn18igeneric_pool_base5_freeEPc
                0x000000000800ec54       0x10 bn_generic_pool.o
                0x000000000800ec54                bn::igeneric_pool_base::_free(char*)
 .text._ZN2bn18igeneric_pool_baseD2Ev
                0x000000000800ec64       0x30 bn_generic_pool.o
                0x000000000800ec64                bn::igeneric_pool_base::~igeneric_pool_base()
                0x000000000800ec64                bn::igeneric_pool_base::~igeneric_pool_base()
 .text._ZN2bn18igeneric_pool_base9_allocateEv
                0x000000000800ec94       0x48 bn_generic_pool.o
                0x000000000800ec94                bn::igeneric_pool_base::_allocate()
 .text._ZN2bn2hw4link12_GLOBAL__N_119_resetStateCallbackEv
                0x000000000800ecdc       0x4c bn_hw_link.o
 .text._ZN2bn2hw4link4initEv
                0x000000000800ed28       0xc0 bn_hw_link.o
                0x000000000800ed28                bn::hw::link::init()
 .text._ZN2bn2hw4link6activeEv
                0x000000000800ede8       0x10 bn_hw_link.o
                0x000000000800ede8                bn::hw::link::active()
 .text._ZN2bn2hw4link7disableEv
                0x000000000800edf8       0x6c bn_hw_link.o
                0x000000000800edf8                bn::hw::link::disable()
 .text._ZN2bn2hw4link6commitEv
                0x000000000800ee64       0x30 bn_hw_link.o
                0x000000000800ee64                bn::hw::link::commit()
 .text._ZN2bn2hw4link11_timer_intrEv
                0x000000000800ee94       0xf8 bn_hw_link.o
                0x000000000800ee94                bn::hw::link::_timer_intr()
 .text._ZN2bn2hw4link12_serial_intrEv
                0x000000000800ef8c      0x1bc bn_hw_link.o
                0x000000000800ef8c                bn::hw::link::_serial_intr()
 .text._ZN2bn2hw4link12_GLOBAL__N_117_sendDataCallbackEv
                0x000000000800f148       0xe0 bn_hw_link.o
 .text._ZN2bn2hw4link12_GLOBAL__N_124_receiveResponseCallbackERK12LinkResponse
                0x000000000800f228      0x158 bn_hw_link.o
 .text.startup._GLOBAL__sub_I__ZN2bn2hw4link4initEv
                0x000000000800f380       0x68 bn_hw_link.o
 .text._ZN2bn2hw3logERKNS_12istring_baseE
                0x000000000800f3e8       0x58 bn_hw_log.o
                0x000000000800f3e8                bn::hw::log(bn::istring_base const&)
 .text._ZN3_bn6assert9show_argsIA40_cEEvPKcS4_S4_iRKT_
                0x000000000800f440       0x50 bn_hw_common.bn_noflto.o
                0x000000000800f440                void _bn::assert::show_args<char [40]>(char const*, char const*, char const*, int, char const (&) [40])
 .text.__aeabi_idiv0
                0x000000000800f490       0x24 bn_hw_common.bn_noflto.o
                0x000000000800f490                __aeabi_idiv0
 .text._ZN2bn2hw8game_pak4initEv
                0x000000000800f4b4       0x28 bn_hw_game_pak.o
                0x000000000800f4b4                bn::hw::game_pak::init()
 .text._ZN2bn2hw4sram4initEv
                0x000000000800f4dc       0x18 bn_hw_sram.o
                0x000000000800f4dc                bn::hw::sram::init()
 .text._ZN2bn11system_fontC2Ev
                0x000000000800f4f4       0x18 bn_hw_system_font.o
                0x000000000800f4f4                bn::system_font::system_font()
                0x000000000800f4f4                bn::system_font::system_font()
 .text._ZNK2bn11system_font8tte_fontEv
                0x000000000800f50c        0x4 bn_hw_system_font.o
                0x000000000800f50c                bn::system_font::tte_font() const
 .text._ZN2bn2hw3irq4initEv
                0x000000000800f510        0xc bn_hw_irq.o
                0x000000000800f510                bn::hw::irq::init()
 .text._ZN2bn2hw3irq7set_isrENS1_2idEPFvvE
                0x000000000800f51c       0x10 bn_hw_irq.o
                0x000000000800f51c                bn::hw::irq::set_isr(bn::hw::irq::id, void (*)())
 .text._ZN2bn2hw3irq6enableENS1_2idE
                0x000000000800f52c       0x10 bn_hw_irq.o
                0x000000000800f52c                bn::hw::irq::enable(bn::hw::irq::id)
 .text._ZN2bn2hw3irq7disableENS1_2idE
                0x000000000800f53c       0x10 bn_hw_irq.o
                0x000000000800f53c                bn::hw::irq::disable(bn::hw::irq::id)
 .text._ZN2bn2hw8game_pak14_slow_game_pakEv
                0x000000000800f54c       0x88 bn_hw_game_pak.bn_ewram.o
                0x000000000800f54c                bn::hw::game_pak::_slow_game_pak()
 .text._ZN2bn2hw4show5errorERKNS_11system_fontERKNS_11string_viewES7_S7_iS7_S7_
                0x000000000800f5d4      0x318 bn_hw_show.o
                0x000000000800f5d4                bn::hw::show::error(bn::system_font const&, bn::string_view const&, bn::string_view const&, bn::string_view const&, int, bn::string_view const&, bn::string_view const&)
 .text._ZN2bn2hw8palettes12_GLOBAL__N_110lut_effectEPKNS_5colorEPKhiPS3_
                0x000000000800f8ec       0x40 bn_hw_palettes.o
 .text._ZN2bn2hw8palettes10brightnessEPKNS_5colorEiiPS2_
                0x000000000800f92c       0x54 bn_hw_palettes.o
                0x000000000800f92c                bn::hw::palettes::brightness(bn::color const*, int, int, bn::color*)
 .text._ZN2bn2hw8palettes8contrastEPKNS_5colorEiiPS2_
                0x000000000800f980       0x18 bn_hw_palettes.o
                0x000000000800f980                bn::hw::palettes::contrast(bn::color const*, int, int, bn::color*)
 .text._ZN2bn2hw8palettes9intensityEPKNS_5colorEiiPS2_
                0x000000000800f998       0x18 bn_hw_palettes.o
                0x000000000800f998                bn::hw::palettes::intensity(bn::color const*, int, int, bn::color*)
 .text._ZN2bn2hw8palettes9hue_shiftEPKNS_5colorEiiPS2_
                0x000000000800f9b0      0x154 bn_hw_palettes.o
                0x000000000800f9b0                bn::hw::palettes::hue_shift(bn::color const*, int, int, bn::color*)
 .text._ZN2bn2hw8palettes6rotateEPKNS_5colorEiiPS2_
                0x000000000800fb04       0x2c bn_hw_palettes.o
                0x000000000800fb04                bn::hw::palettes::rotate(bn::color const*, int, int, bn::color*)
 .text._ZN2bn2hw4text5parseEiRNS_5arrayIcLi32EEE
                0x000000000800fb30       0xbc bn_hw_text.o
                0x000000000800fb30                bn::hw::text::parse(int, bn::array<char, 32>&)
 .text._ZN2bn2hw4text5parseEjRNS_5arrayIcLi32EEE
                0x000000000800fbec       0xa0 bn_hw_text.o
                0x000000000800fbec                bn::hw::text::parse(unsigned int, bn::array<char, 32>&)
 .text._ZN2bn2hw4text5parseEPKvRNS_5arrayIcLi32EEE
                0x000000000800fc8c       0x30 bn_hw_text.o
                0x000000000800fc8c                bn::hw::text::parse(void const*, bn::array<char, 32>&)
 .text._ZN2bn2hw5audio12_GLOBAL__N_124_disabled_vblank_handlerEv
                0x000000000800fcbc       0x10 bn_hw_audio.bn_noflto.o
 .text._ZN2bn2hw5audio12_GLOBAL__N_17_commitEv
                0x000000000800fccc       0x7c bn_hw_audio.bn_noflto.o
 .text._ZN2bn2hw5audio12_GLOBAL__N_123_enabled_vblank_handlerEv
                0x000000000800fd48       0x24 bn_hw_audio.bn_noflto.o
 .text._ZN2bn2hw5audio4initEv
                0x000000000800fd6c       0x68 bn_hw_audio.bn_noflto.o
                0x000000000800fd6c                bn::hw::audio::init()
 .text._ZN2bn2hw5audio7disableEv
                0x000000000800fdd4       0x30 bn_hw_audio.bn_noflto.o
                0x000000000800fdd4                bn::hw::audio::disable()
 .text._ZN2bn2hw5audio13music_playingEv
                0x000000000800fe04       0x10 bn_hw_audio.bn_noflto.o
                0x000000000800fe04                bn::hw::audio::music_playing()
 .text._ZN2bn2hw5audio10play_musicEiib
                0x000000000800fe14       0x2c bn_hw_audio.bn_noflto.o
                0x000000000800fe14                bn::hw::audio::play_music(int, int, bool)
 .text._ZN2bn2hw5audio10stop_musicEv
                0x000000000800fe40        0xc bn_hw_audio.bn_noflto.o
                0x000000000800fe40                bn::hw::audio::stop_music()
 .text._ZN2bn2hw5audio11pause_musicEv
                0x000000000800fe4c        0xc bn_hw_audio.bn_noflto.o
                0x000000000800fe4c                bn::hw::audio::pause_music()
 .text._ZN2bn2hw5audio12resume_musicEv
                0x000000000800fe58        0xc bn_hw_audio.bn_noflto.o
                0x000000000800fe58                bn::hw::audio::resume_music()
 .text._ZN2bn2hw5audio14music_positionEv
                0x000000000800fe64        0xc bn_hw_audio.bn_noflto.o
                0x000000000800fe64                bn::hw::audio::music_position()
 .text._ZN2bn2hw5audio18set_music_positionEi
                0x000000000800fe70        0xc bn_hw_audio.bn_noflto.o
                0x000000000800fe70                bn::hw::audio::set_music_position(int)
 .text._ZN2bn2hw5audio16set_music_volumeEi
                0x000000000800fe7c        0xc bn_hw_audio.bn_noflto.o
                0x000000000800fe7c                bn::hw::audio::set_music_volume(int)
 .text._ZN2bn2hw5audio22disable_vblank_handlerEv
                0x000000000800fe88       0x14 bn_hw_audio.bn_noflto.o
                0x000000000800fe88                bn::hw::audio::disable_vblank_handler()
 .text._ZN2bn2hw5audio6updateEb
                0x000000000800fe9c       0x18 bn_hw_audio.bn_noflto.o
                0x000000000800fe9c                bn::hw::audio::update(bool)
 .text._ZN2bn2hw5audio6commitEv
                0x000000000800feb4       0x20 bn_hw_audio.bn_noflto.o
                0x000000000800feb4                bn::hw::audio::commit()
 .text._ZN2bn2hw5audio12_GLOBAL__N_119_add_sound_to_queueEit
                0x000000000800fed4       0xa0 bn_hw_audio.bn_noflto.o
 .text._ZN2bn2hw5audio15stop_all_soundsEv
                0x000000000800ff74       0x6c bn_hw_audio.bn_noflto.o
                0x000000000800ff74                bn::hw::audio::stop_all_sounds()
 .text._ZN2bn2hw5audio12_GLOBAL__N_119_check_sounds_queueEv.part.0
                0x000000000800ffe0       0x9c bn_hw_audio.bn_noflto.o
 .text._ZN2bn2hw5audio10play_soundEiiiii
                0x000000000801007c       0x44 bn_hw_audio.bn_noflto.o
                0x000000000801007c                bn::hw::audio::play_sound(int, int, int, int, int)
 .text._ZN2bn2hw5audio10play_soundEii
                0x00000000080100c0       0x30 bn_hw_audio.bn_noflto.o
                0x00000000080100c0                bn::hw::audio::play_sound(int, int)